Archive member included to satisfy reference by file (symbol)

c:/program files (x86)/atmel/studio/7.0/toolchain/avr8/avr8-gnu-toolchain/bin/../lib/gcc/avr/5.4.0/avr5\libgcc.a(_udivmodsi4.o)
                              Drivers/src/uart.o (__udivmodsi4)
c:/program files (x86)/atmel/studio/7.0/toolchain/avr8/avr8-gnu-toolchain/bin/../lib/gcc/avr/5.4.0/avr5\libgcc.a(_divmodsi4.o)
                              FreeRTOS/Src/integer.o (__divmodsi4)
c:/program files (x86)/atmel/studio/7.0/toolchain/avr8/avr8-gnu-toolchain/bin/../lib/gcc/avr/5.4.0/avr5\libgcc.a(_negsi2.o)
                              c:/program files (x86)/atmel/studio/7.0/toolchain/avr8/avr8-gnu-toolchain/bin/../lib/gcc/avr/5.4.0/avr5\libgcc.a(_divmodsi4.o) (__negsi2)
c:/program files (x86)/atmel/studio/7.0/toolchain/avr8/avr8-gnu-toolchain/bin/../lib/gcc/avr/5.4.0/avr5\libgcc.a(_exit.o)
                              C:/Program Files (x86)/Atmel/Studio/7.0/Packs/atmel/ATmega_DFP/1.7.374/gcc/dev/atmega32/avr5/crtatmega32.o (exit)
c:/program files (x86)/atmel/studio/7.0/toolchain/avr8/avr8-gnu-toolchain/bin/../lib/gcc/avr/5.4.0/avr5\libgcc.a(_copy_data.o)
                              Drivers/src/Keypad.o (__do_copy_data)
c:/program files (x86)/atmel/studio/7.0/toolchain/avr8/avr8-gnu-toolchain/bin/../lib/gcc/avr/5.4.0/avr5\libgcc.a(_clear_bss.o)
                              FreeRTOS/Src/croutine.o (__do_clear_bss)
c:/program files (x86)/atmel/studio/7.0/toolchain/avr8/avr8-gnu-toolchain/bin/../lib/gcc/avr/5.4.0/avr5\libgcc.a(_mulshisi3.o)
                              FreeRTOS/Src/integer.o (__mulohisi3)
c:/program files (x86)/atmel/studio/7.0/toolchain/avr8/avr8-gnu-toolchain/bin/../lib/gcc/avr/5.4.0/avr5\libgcc.a(_muluhisi3.o)
                              c:/program files (x86)/atmel/studio/7.0/toolchain/avr8/avr8-gnu-toolchain/bin/../lib/gcc/avr/5.4.0/avr5\libgcc.a(_mulshisi3.o) (__muluhisi3)
c:/program files (x86)/atmel/studio/7.0/toolchain/avr8/avr8-gnu-toolchain/bin/../lib/gcc/avr/5.4.0/avr5\libgcc.a(_umulhisi3.o)
                              c:/program files (x86)/atmel/studio/7.0/toolchain/avr8/avr8-gnu-toolchain/bin/../lib/gcc/avr/5.4.0/avr5\libgcc.a(_muluhisi3.o) (__umulhisi3)
c:/program files (x86)/atmel/studio/7.0/toolchain/avr8/avr8-gnu-toolchain/bin/../lib/gcc/avr/5.4.0/../../../../avr/lib/avr5\libc.a(memcpy.o)
                              FreeRTOS/Src/queue.o (memcpy)
c:/program files (x86)/atmel/studio/7.0/toolchain/avr8/avr8-gnu-toolchain/bin/../lib/gcc/avr/5.4.0/../../../../avr/lib/avr5\libc.a(sprintf.o)
                              Drivers/src/LCD.o (sprintf)
c:/program files (x86)/atmel/studio/7.0/toolchain/avr8/avr8-gnu-toolchain/bin/../lib/gcc/avr/5.4.0/../../../../avr/lib/avr5\libc.a(vfprintf_std.o)
                              c:/program files (x86)/atmel/studio/7.0/toolchain/avr8/avr8-gnu-toolchain/bin/../lib/gcc/avr/5.4.0/../../../../avr/lib/avr5\libc.a(sprintf.o) (vfprintf)
c:/program files (x86)/atmel/studio/7.0/toolchain/avr8/avr8-gnu-toolchain/bin/../lib/gcc/avr/5.4.0/../../../../avr/lib/avr5\libc.a(strnlen_P.o)
                              c:/program files (x86)/atmel/studio/7.0/toolchain/avr8/avr8-gnu-toolchain/bin/../lib/gcc/avr/5.4.0/../../../../avr/lib/avr5\libc.a(vfprintf_std.o) (strnlen_P)
c:/program files (x86)/atmel/studio/7.0/toolchain/avr8/avr8-gnu-toolchain/bin/../lib/gcc/avr/5.4.0/../../../../avr/lib/avr5\libc.a(strnlen.o)
                              c:/program files (x86)/atmel/studio/7.0/toolchain/avr8/avr8-gnu-toolchain/bin/../lib/gcc/avr/5.4.0/../../../../avr/lib/avr5\libc.a(vfprintf_std.o) (strnlen)
c:/program files (x86)/atmel/studio/7.0/toolchain/avr8/avr8-gnu-toolchain/bin/../lib/gcc/avr/5.4.0/../../../../avr/lib/avr5\libc.a(fputc.o)
                              c:/program files (x86)/atmel/studio/7.0/toolchain/avr8/avr8-gnu-toolchain/bin/../lib/gcc/avr/5.4.0/../../../../avr/lib/avr5\libc.a(vfprintf_std.o) (fputc)
c:/program files (x86)/atmel/studio/7.0/toolchain/avr8/avr8-gnu-toolchain/bin/../lib/gcc/avr/5.4.0/../../../../avr/lib/avr5\libc.a(ultoa_invert.o)
                              c:/program files (x86)/atmel/studio/7.0/toolchain/avr8/avr8-gnu-toolchain/bin/../lib/gcc/avr/5.4.0/../../../../avr/lib/avr5\libc.a(vfprintf_std.o) (__ultoa_invert)
c:/program files (x86)/atmel/studio/7.0/toolchain/avr8/avr8-gnu-toolchain/bin/../lib/gcc/avr/5.4.0/avr5\libgcc.a(_prologue.o)
                              c:/program files (x86)/atmel/studio/7.0/toolchain/avr8/avr8-gnu-toolchain/bin/../lib/gcc/avr/5.4.0/../../../../avr/lib/avr5\libc.a(sprintf.o) (__prologue_saves__)
c:/program files (x86)/atmel/studio/7.0/toolchain/avr8/avr8-gnu-toolchain/bin/../lib/gcc/avr/5.4.0/avr5\libgcc.a(_epilogue.o)
                              c:/program files (x86)/atmel/studio/7.0/toolchain/avr8/avr8-gnu-toolchain/bin/../lib/gcc/avr/5.4.0/../../../../avr/lib/avr5\libc.a(sprintf.o) (__epilogue_restores__)

Discarded input sections

 .data          0x00000000        0x0 C:/Program Files (x86)/Atmel/Studio/7.0/Packs/atmel/ATmega_DFP/1.7.374/gcc/dev/atmega32/avr5/crtatmega32.o
 .bss           0x00000000        0x0 C:/Program Files (x86)/Atmel/Studio/7.0/Packs/atmel/ATmega_DFP/1.7.374/gcc/dev/atmega32/avr5/crtatmega32.o
 .text          0x00000000        0x0 Drivers/src/ADC.o
 .data          0x00000000        0x0 Drivers/src/ADC.o
 .bss           0x00000000        0x0 Drivers/src/ADC.o
 .text.ADC_Init
                0x00000000        0xe Drivers/src/ADC.o
 .text.ADC_Read
                0x00000000       0x1a Drivers/src/ADC.o
 .comment       0x00000000       0x31 Drivers/src/ADC.o
 .text          0x00000000        0x0 Drivers/src/board.o
 .data          0x00000000        0x0 Drivers/src/board.o
 .bss           0x00000000        0x0 Drivers/src/board.o
 .text.Led_On   0x00000000       0x14 Drivers/src/board.o
 .text.Led_Off  0x00000000       0x16 Drivers/src/board.o
 .text.Led_Init
                0x00000000       0x18 Drivers/src/board.o
 .text.Led_Toggle
                0x00000000       0x14 Drivers/src/board.o
 .text.Leds_On  0x00000000        0x8 Drivers/src/board.o
 .text.Leds_Toggle
                0x00000000        0x8 Drivers/src/board.o
 .text.Leds_AllOn
                0x00000000        0x6 Drivers/src/board.o
 .text.Leds_AllToggle
                0x00000000        0x6 Drivers/src/board.o
 .text.Buz_On   0x00000000        0x4 Drivers/src/board.o
 .text.Buz_Off  0x00000000        0x4 Drivers/src/board.o
 .text.Buz_Init
                0x00000000        0x6 Drivers/src/board.o
 .text.Buz_Toggle
                0x00000000        0xa Drivers/src/board.o
 .text          0x00000000        0x0 Drivers/src/Keypad.o
 .data          0x00000000        0x0 Drivers/src/Keypad.o
 .bss           0x00000000        0x0 Drivers/src/Keypad.o
 .text.Key_GetKey
                0x00000000       0x94 Drivers/src/Keypad.o
 .text.Key_Scan
                0x00000000       0x84 Drivers/src/Keypad.o
 .rodata.keys   0x00000000        0x9 Drivers/src/Keypad.o
 .text          0x00000000        0x0 Drivers/src/LCD.o
 .data          0x00000000        0x0 Drivers/src/LCD.o
 .bss           0x00000000        0x0 Drivers/src/LCD.o
 .text.LCD_DispChar
                0x00000000        0x4 Drivers/src/LCD.o
 .text.LCD_DispCharXY
                0x00000000       0x10 Drivers/src/LCD.o
 .rodata.str1.1
                0x00000000        0x6 Drivers/src/LCD.o
 .text.LCD_DispInt
                0x00000000       0x66 Drivers/src/LCD.o
 .text.LCD_DispHex
                0x00000000       0x66 Drivers/src/LCD.o
 .text.LCD_DispHexXY
                0x00000000       0x20 Drivers/src/LCD.o
 .text.LCD_DispIntXY
                0x00000000       0x20 Drivers/src/LCD.o
 .text.LCD_Fun  0x00000000       0x48 Drivers/src/LCD.o
 .text          0x00000000        0x0 Drivers/src/uart.o
 .data          0x00000000        0x0 Drivers/src/uart.o
 .bss           0x00000000        0x0 Drivers/src/uart.o
 .text.Uart_ReceiveByte
                0x00000000        0x8 Drivers/src/uart.o
 .text          0x00000000        0x0 FreeRTOS/Src/croutine.o
 .data          0x00000000        0x0 FreeRTOS/Src/croutine.o
 .bss           0x00000000        0x0 FreeRTOS/Src/croutine.o
 .text.xCoRoutineCreate
                0x00000000       0xe4 FreeRTOS/Src/croutine.o
 .text.vCoRoutineAddToDelayedList
                0x00000000       0x84 FreeRTOS/Src/croutine.o
 .text.vCoRoutineSchedule
                0x00000000      0x1da FreeRTOS/Src/croutine.o
 .text.xCoRoutineRemoveFromEventList
                0x00000000       0x4a FreeRTOS/Src/croutine.o
 .bss.xPassedTicks
                0x00000000        0x2 FreeRTOS/Src/croutine.o
 .bss.xLastTickCount
                0x00000000        0x2 FreeRTOS/Src/croutine.o
 .bss.xCoRoutineTickCount
                0x00000000        0x2 FreeRTOS/Src/croutine.o
 .bss.uxTopCoRoutineReadyPriority
                0x00000000        0x1 FreeRTOS/Src/croutine.o
 .bss.pxCurrentCoRoutine
                0x00000000        0x2 FreeRTOS/Src/croutine.o
 .bss.xPendingReadyCoRoutineList
                0x00000000        0x9 FreeRTOS/Src/croutine.o
 .bss.pxOverflowDelayedCoRoutineList
                0x00000000        0x2 FreeRTOS/Src/croutine.o
 .bss.pxDelayedCoRoutineList
                0x00000000        0x2 FreeRTOS/Src/croutine.o
 .bss.xDelayedCoRoutineList2
                0x00000000        0x9 FreeRTOS/Src/croutine.o
 .bss.xDelayedCoRoutineList1
                0x00000000        0x9 FreeRTOS/Src/croutine.o
 .bss.pxReadyCoRoutineLists
                0x00000000       0x12 FreeRTOS/Src/croutine.o
 .comment       0x00000000       0x31 FreeRTOS/Src/croutine.o
 .text          0x00000000        0x0 FreeRTOS/Src/event_groups.o
 .data          0x00000000        0x0 FreeRTOS/Src/event_groups.o
 .bss           0x00000000        0x0 FreeRTOS/Src/event_groups.o
 .text.xEventGroupCreate
                0x00000000       0x26 FreeRTOS/Src/event_groups.o
 .text.xEventGroupWaitBits
                0x00000000       0xf0 FreeRTOS/Src/event_groups.o
 .text.xEventGroupClearBits
                0x00000000       0x1e FreeRTOS/Src/event_groups.o
 .text.xEventGroupGetBitsFromISR
                0x00000000        0x8 FreeRTOS/Src/event_groups.o
 .text.xEventGroupSetBits
                0x00000000       0xaa FreeRTOS/Src/event_groups.o
 .text.xEventGroupSync
                0x00000000       0xd6 FreeRTOS/Src/event_groups.o
 .text.vEventGroupDelete
                0x00000000       0x2c FreeRTOS/Src/event_groups.o
 .text.vEventGroupSetBitsCallback
                0x00000000        0x6 FreeRTOS/Src/event_groups.o
 .text.vEventGroupClearBitsCallback
                0x00000000        0x6 FreeRTOS/Src/event_groups.o
 .comment       0x00000000       0x31 FreeRTOS/Src/event_groups.o
 .text          0x00000000        0x0 FreeRTOS/Src/heap_1.o
 .data          0x00000000        0x0 FreeRTOS/Src/heap_1.o
 .bss           0x00000000        0x0 FreeRTOS/Src/heap_1.o
 .text.vPortInitialiseBlocks
                0x00000000        0xa FreeRTOS/Src/heap_1.o
 .text.xPortGetFreeHeapSize
                0x00000000       0x12 FreeRTOS/Src/heap_1.o
 .text          0x00000000        0x0 FreeRTOS/Src/integer.o
 .data          0x00000000        0x0 FreeRTOS/Src/integer.o
 .bss           0x00000000        0x0 FreeRTOS/Src/integer.o
 .text.vCompeteingIntMathTask
                0x00000000       0xa8 FreeRTOS/Src/integer.o
 .rodata.str1.1
                0x00000000        0x8 FreeRTOS/Src/integer.o
 .text.vStartIntegerMathTasks
                0x00000000       0x40 FreeRTOS/Src/integer.o
 .text.xAreIntegerMathsTaskStillRunning
                0x00000000       0x12 FreeRTOS/Src/integer.o
 .bss.xTaskCheck
                0x00000000        0x1 FreeRTOS/Src/integer.o
 .comment       0x00000000       0x31 FreeRTOS/Src/integer.o
 .text          0x00000000        0x0 FreeRTOS/Src/list.o
 .data          0x00000000        0x0 FreeRTOS/Src/list.o
 .bss           0x00000000        0x0 FreeRTOS/Src/list.o
 .text          0x00000000        0x0 FreeRTOS/Src/PollQ.o
 .data          0x00000000        0x0 FreeRTOS/Src/PollQ.o
 .bss           0x00000000        0x0 FreeRTOS/Src/PollQ.o
 .text.vPolledQueueProducer
                0x00000000       0x62 FreeRTOS/Src/PollQ.o
 .text.vPolledQueueConsumer
                0x00000000       0x74 FreeRTOS/Src/PollQ.o
 .rodata.str1.1
                0x00000000       0x10 FreeRTOS/Src/PollQ.o
 .text.vStartPolledQueueTasks
                0x00000000       0x6c FreeRTOS/Src/PollQ.o
 .text.xArePollingQueuesStillRunning
                0x00000000       0x1e FreeRTOS/Src/PollQ.o
 .bss.xPolledQueue.2092
                0x00000000        0x2 FreeRTOS/Src/PollQ.o
 .bss.xPollingProducerCount
                0x00000000        0x1 FreeRTOS/Src/PollQ.o
 .bss.xPollingConsumerCount
                0x00000000        0x1 FreeRTOS/Src/PollQ.o
 .comment       0x00000000       0x31 FreeRTOS/Src/PollQ.o
 .text          0x00000000        0x0 FreeRTOS/Src/port.o
 .data          0x00000000        0x0 FreeRTOS/Src/port.o
 .bss           0x00000000        0x0 FreeRTOS/Src/port.o
 .text.vPortEndScheduler
                0x00000000        0x2 FreeRTOS/Src/port.o
 .text          0x00000000        0x0 FreeRTOS/Src/queue.o
 .data          0x00000000        0x0 FreeRTOS/Src/queue.o
 .bss           0x00000000        0x0 FreeRTOS/Src/queue.o
 .text.xQueueCreateCountingSemaphore
                0x00000000       0x18 FreeRTOS/Src/queue.o
 .text.xQueueCreateMutex
                0x00000000       0x58 FreeRTOS/Src/queue.o
 .text.xQueueGenericSendFromISR
                0x00000000       0x6c FreeRTOS/Src/queue.o
 .text.xQueueReceiveFromISR
                0x00000000       0x5a FreeRTOS/Src/queue.o
 .text.xQueuePeekFromISR
                0x00000000       0x2e FreeRTOS/Src/queue.o
 .text.uxQueueMessagesWaiting
                0x00000000       0x10 FreeRTOS/Src/queue.o
 .text.uxQueueSpacesAvailable
                0x00000000       0x14 FreeRTOS/Src/queue.o
 .text.uxQueueMessagesWaitingFromISR
                0x00000000        0x6 FreeRTOS/Src/queue.o
 .text.vQueueDelete
                0x00000000       0x1c FreeRTOS/Src/queue.o
 .text.xQueueIsQueueEmptyFromISR
                0x00000000        0xc FreeRTOS/Src/queue.o
 .text.xQueueIsQueueFullFromISR
                0x00000000        0xe FreeRTOS/Src/queue.o
 .text.xQueueCRSend
                0x00000000       0x6e FreeRTOS/Src/queue.o
 .text.xQueueCRReceive
                0x00000000       0x8e FreeRTOS/Src/queue.o
 .text.xQueueCRSendFromISR
                0x00000000       0x46 FreeRTOS/Src/queue.o
 .text.xQueueCRReceiveFromISR
                0x00000000       0x7a FreeRTOS/Src/queue.o
 .text          0x00000000        0x0 FreeRTOS/Src/tasks.o
 .data          0x00000000        0x0 FreeRTOS/Src/tasks.o
 .bss           0x00000000        0x0 FreeRTOS/Src/tasks.o
 .text.vTaskDelete
                0x00000000       0x8e FreeRTOS/Src/tasks.o
 .text.uxTaskPriorityGet
                0x00000000       0x1c FreeRTOS/Src/tasks.o
 .text.vTaskPrioritySet
                0x00000000       0xd4 FreeRTOS/Src/tasks.o
 .text.vTaskEndScheduler
                0x00000000        0xa FreeRTOS/Src/tasks.o
 .text.xTaskGetTickCount
                0x00000000       0x14 FreeRTOS/Src/tasks.o
 .text.xTaskGetTickCountFromISR
                0x00000000        0xa FreeRTOS/Src/tasks.o
 .text.uxTaskGetNumberOfTasks
                0x00000000        0x6 FreeRTOS/Src/tasks.o
 .text.vTaskDelayUntil
                0x00000000       0x78 FreeRTOS/Src/tasks.o
 .text.vTaskDelay
                0x00000000       0x42 FreeRTOS/Src/tasks.o
 .text.vTaskPlaceOnUnorderedEventList
                0x00000000       0x46 FreeRTOS/Src/tasks.o
 .text.xTaskRemoveFromUnorderedEventList
                0x00000000       0x68 FreeRTOS/Src/tasks.o
 .text.xTaskGetCurrentTaskHandle
                0x00000000        0xa FreeRTOS/Src/tasks.o
 .text.uxTaskResetEventItemValue
                0x00000000       0x2e FreeRTOS/Src/tasks.o
 .text          0x00000000        0x0 main.o
 .data          0x00000000        0x0 main.o
 .bss           0x00000000        0x0 main.o
 .text.T_T3     0x00000000        0x2 main.o
 .text          0x00000000        0x0 c:/program files (x86)/atmel/studio/7.0/toolchain/avr8/avr8-gnu-toolchain/bin/../lib/gcc/avr/5.4.0/avr5\libgcc.a(_udivmodsi4.o)
 .data          0x00000000        0x0 c:/program files (x86)/atmel/studio/7.0/toolchain/avr8/avr8-gnu-toolchain/bin/../lib/gcc/avr/5.4.0/avr5\libgcc.a(_udivmodsi4.o)
 .bss           0x00000000        0x0 c:/program files (x86)/atmel/studio/7.0/toolchain/avr8/avr8-gnu-toolchain/bin/../lib/gcc/avr/5.4.0/avr5\libgcc.a(_udivmodsi4.o)
 .text.libgcc.mul
                0x00000000        0x0 c:/program files (x86)/atmel/studio/7.0/toolchain/avr8/avr8-gnu-toolchain/bin/../lib/gcc/avr/5.4.0/avr5\libgcc.a(_udivmodsi4.o)
 .text.libgcc   0x00000000        0x0 c:/program files (x86)/atmel/studio/7.0/toolchain/avr8/avr8-gnu-toolchain/bin/../lib/gcc/avr/5.4.0/avr5\libgcc.a(_udivmodsi4.o)
 .text.libgcc.prologue
                0x00000000        0x0 c:/program files (x86)/atmel/studio/7.0/toolchain/avr8/avr8-gnu-toolchain/bin/../lib/gcc/avr/5.4.0/avr5\libgcc.a(_udivmodsi4.o)
 .text.libgcc.builtins
                0x00000000        0x0 c:/program files (x86)/atmel/studio/7.0/toolchain/avr8/avr8-gnu-toolchain/bin/../lib/gcc/avr/5.4.0/avr5\libgcc.a(_udivmodsi4.o)
 .text.libgcc.fmul
                0x00000000        0x0 c:/program files (x86)/atmel/studio/7.0/toolchain/avr8/avr8-gnu-toolchain/bin/../lib/gcc/avr/5.4.0/avr5\libgcc.a(_udivmodsi4.o)
 .text.libgcc.fixed
                0x00000000        0x0 c:/program files (x86)/atmel/studio/7.0/toolchain/avr8/avr8-gnu-toolchain/bin/../lib/gcc/avr/5.4.0/avr5\libgcc.a(_udivmodsi4.o)
 .text          0x00000000        0x0 c:/program files (x86)/atmel/studio/7.0/toolchain/avr8/avr8-gnu-toolchain/bin/../lib/gcc/avr/5.4.0/avr5\libgcc.a(_divmodsi4.o)
 .data          0x00000000        0x0 c:/program files (x86)/atmel/studio/7.0/toolchain/avr8/avr8-gnu-toolchain/bin/../lib/gcc/avr/5.4.0/avr5\libgcc.a(_divmodsi4.o)
 .bss           0x00000000        0x0 c:/program files (x86)/atmel/studio/7.0/toolchain/avr8/avr8-gnu-toolchain/bin/../lib/gcc/avr/5.4.0/avr5\libgcc.a(_divmodsi4.o)
 .text.libgcc.mul
                0x00000000        0x0 c:/program files (x86)/atmel/studio/7.0/toolchain/avr8/avr8-gnu-toolchain/bin/../lib/gcc/avr/5.4.0/avr5\libgcc.a(_divmodsi4.o)
 .text.libgcc.div
                0x00000000       0x2e c:/program files (x86)/atmel/studio/7.0/toolchain/avr8/avr8-gnu-toolchain/bin/../lib/gcc/avr/5.4.0/avr5\libgcc.a(_divmodsi4.o)
 .text.libgcc   0x00000000        0x0 c:/program files (x86)/atmel/studio/7.0/toolchain/avr8/avr8-gnu-toolchain/bin/../lib/gcc/avr/5.4.0/avr5\libgcc.a(_divmodsi4.o)
 .text.libgcc.prologue
                0x00000000        0x0 c:/program files (x86)/atmel/studio/7.0/toolchain/avr8/avr8-gnu-toolchain/bin/../lib/gcc/avr/5.4.0/avr5\libgcc.a(_divmodsi4.o)
 .text.libgcc.builtins
                0x00000000        0x0 c:/program files (x86)/atmel/studio/7.0/toolchain/avr8/avr8-gnu-toolchain/bin/../lib/gcc/avr/5.4.0/avr5\libgcc.a(_divmodsi4.o)
 .text.libgcc.fmul
                0x00000000        0x0 c:/program files (x86)/atmel/studio/7.0/toolchain/avr8/avr8-gnu-toolchain/bin/../lib/gcc/avr/5.4.0/avr5\libgcc.a(_divmodsi4.o)
 .text.libgcc.fixed
                0x00000000        0x0 c:/program files (x86)/atmel/studio/7.0/toolchain/avr8/avr8-gnu-toolchain/bin/../lib/gcc/avr/5.4.0/avr5\libgcc.a(_divmodsi4.o)
 .text          0x00000000        0x0 c:/program files (x86)/atmel/studio/7.0/toolchain/avr8/avr8-gnu-toolchain/bin/../lib/gcc/avr/5.4.0/avr5\libgcc.a(_negsi2.o)
 .data          0x00000000        0x0 c:/program files (x86)/atmel/studio/7.0/toolchain/avr8/avr8-gnu-toolchain/bin/../lib/gcc/avr/5.4.0/avr5\libgcc.a(_negsi2.o)
 .bss           0x00000000        0x0 c:/program files (x86)/atmel/studio/7.0/toolchain/avr8/avr8-gnu-toolchain/bin/../lib/gcc/avr/5.4.0/avr5\libgcc.a(_negsi2.o)
 .text.libgcc.mul
                0x00000000        0x0 c:/program files (x86)/atmel/studio/7.0/toolchain/avr8/avr8-gnu-toolchain/bin/../lib/gcc/avr/5.4.0/avr5\libgcc.a(_negsi2.o)
 .text.libgcc.div
                0x00000000       0x10 c:/program files (x86)/atmel/studio/7.0/toolchain/avr8/avr8-gnu-toolchain/bin/../lib/gcc/avr/5.4.0/avr5\libgcc.a(_negsi2.o)
 .text.libgcc   0x00000000        0x0 c:/program files (x86)/atmel/studio/7.0/toolchain/avr8/avr8-gnu-toolchain/bin/../lib/gcc/avr/5.4.0/avr5\libgcc.a(_negsi2.o)
 .text.libgcc.prologue
                0x00000000        0x0 c:/program files (x86)/atmel/studio/7.0/toolchain/avr8/avr8-gnu-toolchain/bin/../lib/gcc/avr/5.4.0/avr5\libgcc.a(_negsi2.o)
 .text.libgcc.builtins
                0x00000000        0x0 c:/program files (x86)/atmel/studio/7.0/toolchain/avr8/avr8-gnu-toolchain/bin/../lib/gcc/avr/5.4.0/avr5\libgcc.a(_negsi2.o)
 .text.libgcc.fmul
                0x00000000        0x0 c:/program files (x86)/atmel/studio/7.0/toolchain/avr8/avr8-gnu-toolchain/bin/../lib/gcc/avr/5.4.0/avr5\libgcc.a(_negsi2.o)
 .text.libgcc.fixed
                0x00000000        0x0 c:/program files (x86)/atmel/studio/7.0/toolchain/avr8/avr8-gnu-toolchain/bin/../lib/gcc/avr/5.4.0/avr5\libgcc.a(_negsi2.o)
 .text          0x00000000        0x0 c:/program files (x86)/atmel/studio/7.0/toolchain/avr8/avr8-gnu-toolchain/bin/../lib/gcc/avr/5.4.0/avr5\libgcc.a(_exit.o)
 .data          0x00000000        0x0 c:/program files (x86)/atmel/studio/7.0/toolchain/avr8/avr8-gnu-toolchain/bin/../lib/gcc/avr/5.4.0/avr5\libgcc.a(_exit.o)
 .bss           0x00000000        0x0 c:/program files (x86)/atmel/studio/7.0/toolchain/avr8/avr8-gnu-toolchain/bin/../lib/gcc/avr/5.4.0/avr5\libgcc.a(_exit.o)
 .text.libgcc.mul
                0x00000000        0x0 c:/program files (x86)/atmel/studio/7.0/toolchain/avr8/avr8-gnu-toolchain/bin/../lib/gcc/avr/5.4.0/avr5\libgcc.a(_exit.o)
 .text.libgcc.div
                0x00000000        0x0 c:/program files (x86)/atmel/studio/7.0/toolchain/avr8/avr8-gnu-toolchain/bin/../lib/gcc/avr/5.4.0/avr5\libgcc.a(_exit.o)
 .text.libgcc   0x00000000        0x0 c:/program files (x86)/atmel/studio/7.0/toolchain/avr8/avr8-gnu-toolchain/bin/../lib/gcc/avr/5.4.0/avr5\libgcc.a(_exit.o)
 .text.libgcc.prologue
                0x00000000        0x0 c:/program files (x86)/atmel/studio/7.0/toolchain/avr8/avr8-gnu-toolchain/bin/../lib/gcc/avr/5.4.0/avr5\libgcc.a(_exit.o)
 .text.libgcc.builtins
                0x00000000        0x0 c:/program files (x86)/atmel/studio/7.0/toolchain/avr8/avr8-gnu-toolchain/bin/../lib/gcc/avr/5.4.0/avr5\libgcc.a(_exit.o)
 .text.libgcc.fmul
                0x00000000        0x0 c:/program files (x86)/atmel/studio/7.0/toolchain/avr8/avr8-gnu-toolchain/bin/../lib/gcc/avr/5.4.0/avr5\libgcc.a(_exit.o)
 .text.libgcc.fixed
                0x00000000        0x0 c:/program files (x86)/atmel/studio/7.0/toolchain/avr8/avr8-gnu-toolchain/bin/../lib/gcc/avr/5.4.0/avr5\libgcc.a(_exit.o)
 .text          0x00000000        0x0 c:/program files (x86)/atmel/studio/7.0/toolchain/avr8/avr8-gnu-toolchain/bin/../lib/gcc/avr/5.4.0/avr5\libgcc.a(_copy_data.o)
 .data          0x00000000        0x0 c:/program files (x86)/atmel/studio/7.0/toolchain/avr8/avr8-gnu-toolchain/bin/../lib/gcc/avr/5.4.0/avr5\libgcc.a(_copy_data.o)
 .bss           0x00000000        0x0 c:/program files (x86)/atmel/studio/7.0/toolchain/avr8/avr8-gnu-toolchain/bin/../lib/gcc/avr/5.4.0/avr5\libgcc.a(_copy_data.o)
 .text.libgcc.mul
                0x00000000        0x0 c:/program files (x86)/atmel/studio/7.0/toolchain/avr8/avr8-gnu-toolchain/bin/../lib/gcc/avr/5.4.0/avr5\libgcc.a(_copy_data.o)
 .text.libgcc.div
                0x00000000        0x0 c:/program files (x86)/atmel/studio/7.0/toolchain/avr8/avr8-gnu-toolchain/bin/../lib/gcc/avr/5.4.0/avr5\libgcc.a(_copy_data.o)
 .text.libgcc   0x00000000        0x0 c:/program files (x86)/atmel/studio/7.0/toolchain/avr8/avr8-gnu-toolchain/bin/../lib/gcc/avr/5.4.0/avr5\libgcc.a(_copy_data.o)
 .text.libgcc.prologue
                0x00000000        0x0 c:/program files (x86)/atmel/studio/7.0/toolchain/avr8/avr8-gnu-toolchain/bin/../lib/gcc/avr/5.4.0/avr5\libgcc.a(_copy_data.o)
 .text.libgcc.builtins
                0x00000000        0x0 c:/program files (x86)/atmel/studio/7.0/toolchain/avr8/avr8-gnu-toolchain/bin/../lib/gcc/avr/5.4.0/avr5\libgcc.a(_copy_data.o)
 .text.libgcc.fmul
                0x00000000        0x0 c:/program files (x86)/atmel/studio/7.0/toolchain/avr8/avr8-gnu-toolchain/bin/../lib/gcc/avr/5.4.0/avr5\libgcc.a(_copy_data.o)
 .text.libgcc.fixed
                0x00000000        0x0 c:/program files (x86)/atmel/studio/7.0/toolchain/avr8/avr8-gnu-toolchain/bin/../lib/gcc/avr/5.4.0/avr5\libgcc.a(_copy_data.o)
 .text          0x00000000        0x0 c:/program files (x86)/atmel/studio/7.0/toolchain/avr8/avr8-gnu-toolchain/bin/../lib/gcc/avr/5.4.0/avr5\libgcc.a(_clear_bss.o)
 .data          0x00000000        0x0 c:/program files (x86)/atmel/studio/7.0/toolchain/avr8/avr8-gnu-toolchain/bin/../lib/gcc/avr/5.4.0/avr5\libgcc.a(_clear_bss.o)
 .bss           0x00000000        0x0 c:/program files (x86)/atmel/studio/7.0/toolchain/avr8/avr8-gnu-toolchain/bin/../lib/gcc/avr/5.4.0/avr5\libgcc.a(_clear_bss.o)
 .text.libgcc.mul
                0x00000000        0x0 c:/program files (x86)/atmel/studio/7.0/toolchain/avr8/avr8-gnu-toolchain/bin/../lib/gcc/avr/5.4.0/avr5\libgcc.a(_clear_bss.o)
 .text.libgcc.div
                0x00000000        0x0 c:/program files (x86)/atmel/studio/7.0/toolchain/avr8/avr8-gnu-toolchain/bin/../lib/gcc/avr/5.4.0/avr5\libgcc.a(_clear_bss.o)
 .text.libgcc   0x00000000        0x0 c:/program files (x86)/atmel/studio/7.0/toolchain/avr8/avr8-gnu-toolchain/bin/../lib/gcc/avr/5.4.0/avr5\libgcc.a(_clear_bss.o)
 .text.libgcc.prologue
                0x00000000        0x0 c:/program files (x86)/atmel/studio/7.0/toolchain/avr8/avr8-gnu-toolchain/bin/../lib/gcc/avr/5.4.0/avr5\libgcc.a(_clear_bss.o)
 .text.libgcc.builtins
                0x00000000        0x0 c:/program files (x86)/atmel/studio/7.0/toolchain/avr8/avr8-gnu-toolchain/bin/../lib/gcc/avr/5.4.0/avr5\libgcc.a(_clear_bss.o)
 .text.libgcc.fmul
                0x00000000        0x0 c:/program files (x86)/atmel/studio/7.0/toolchain/avr8/avr8-gnu-toolchain/bin/../lib/gcc/avr/5.4.0/avr5\libgcc.a(_clear_bss.o)
 .text.libgcc.fixed
                0x00000000        0x0 c:/program files (x86)/atmel/studio/7.0/toolchain/avr8/avr8-gnu-toolchain/bin/../lib/gcc/avr/5.4.0/avr5\libgcc.a(_clear_bss.o)
 .text          0x00000000        0x0 c:/program files (x86)/atmel/studio/7.0/toolchain/avr8/avr8-gnu-toolchain/bin/../lib/gcc/avr/5.4.0/avr5\libgcc.a(_mulshisi3.o)
 .data          0x00000000        0x0 c:/program files (x86)/atmel/studio/7.0/toolchain/avr8/avr8-gnu-toolchain/bin/../lib/gcc/avr/5.4.0/avr5\libgcc.a(_mulshisi3.o)
 .bss           0x00000000        0x0 c:/program files (x86)/atmel/studio/7.0/toolchain/avr8/avr8-gnu-toolchain/bin/../lib/gcc/avr/5.4.0/avr5\libgcc.a(_mulshisi3.o)
 .text.libgcc.mul
                0x00000000       0x10 c:/program files (x86)/atmel/studio/7.0/toolchain/avr8/avr8-gnu-toolchain/bin/../lib/gcc/avr/5.4.0/avr5\libgcc.a(_mulshisi3.o)
 .text.libgcc.div
                0x00000000        0x0 c:/program files (x86)/atmel/studio/7.0/toolchain/avr8/avr8-gnu-toolchain/bin/../lib/gcc/avr/5.4.0/avr5\libgcc.a(_mulshisi3.o)
 .text.libgcc   0x00000000        0x0 c:/program files (x86)/atmel/studio/7.0/toolchain/avr8/avr8-gnu-toolchain/bin/../lib/gcc/avr/5.4.0/avr5\libgcc.a(_mulshisi3.o)
 .text.libgcc.prologue
                0x00000000        0x0 c:/program files (x86)/atmel/studio/7.0/toolchain/avr8/avr8-gnu-toolchain/bin/../lib/gcc/avr/5.4.0/avr5\libgcc.a(_mulshisi3.o)
 .text.libgcc.builtins
                0x00000000        0x0 c:/program files (x86)/atmel/studio/7.0/toolchain/avr8/avr8-gnu-toolchain/bin/../lib/gcc/avr/5.4.0/avr5\libgcc.a(_mulshisi3.o)
 .text.libgcc.fmul
                0x00000000        0x0 c:/program files (x86)/atmel/studio/7.0/toolchain/avr8/avr8-gnu-toolchain/bin/../lib/gcc/avr/5.4.0/avr5\libgcc.a(_mulshisi3.o)
 .text.libgcc.fixed
                0x00000000        0x0 c:/program files (x86)/atmel/studio/7.0/toolchain/avr8/avr8-gnu-toolchain/bin/../lib/gcc/avr/5.4.0/avr5\libgcc.a(_mulshisi3.o)
 .text          0x00000000        0x0 c:/program files (x86)/atmel/studio/7.0/toolchain/avr8/avr8-gnu-toolchain/bin/../lib/gcc/avr/5.4.0/avr5\libgcc.a(_muluhisi3.o)
 .data          0x00000000        0x0 c:/program files (x86)/atmel/studio/7.0/toolchain/avr8/avr8-gnu-toolchain/bin/../lib/gcc/avr/5.4.0/avr5\libgcc.a(_muluhisi3.o)
 .bss           0x00000000        0x0 c:/program files (x86)/atmel/studio/7.0/toolchain/avr8/avr8-gnu-toolchain/bin/../lib/gcc/avr/5.4.0/avr5\libgcc.a(_muluhisi3.o)
 .text.libgcc.mul
                0x00000000       0x16 c:/program files (x86)/atmel/studio/7.0/toolchain/avr8/avr8-gnu-toolchain/bin/../lib/gcc/avr/5.4.0/avr5\libgcc.a(_muluhisi3.o)
 .text.libgcc.div
                0x00000000        0x0 c:/program files (x86)/atmel/studio/7.0/toolchain/avr8/avr8-gnu-toolchain/bin/../lib/gcc/avr/5.4.0/avr5\libgcc.a(_muluhisi3.o)
 .text.libgcc   0x00000000        0x0 c:/program files (x86)/atmel/studio/7.0/toolchain/avr8/avr8-gnu-toolchain/bin/../lib/gcc/avr/5.4.0/avr5\libgcc.a(_muluhisi3.o)
 .text.libgcc.prologue
                0x00000000        0x0 c:/program files (x86)/atmel/studio/7.0/toolchain/avr8/avr8-gnu-toolchain/bin/../lib/gcc/avr/5.4.0/avr5\libgcc.a(_muluhisi3.o)
 .text.libgcc.builtins
                0x00000000        0x0 c:/program files (x86)/atmel/studio/7.0/toolchain/avr8/avr8-gnu-toolchain/bin/../lib/gcc/avr/5.4.0/avr5\libgcc.a(_muluhisi3.o)
 .text.libgcc.fmul
                0x00000000        0x0 c:/program files (x86)/atmel/studio/7.0/toolchain/avr8/avr8-gnu-toolchain/bin/../lib/gcc/avr/5.4.0/avr5\libgcc.a(_muluhisi3.o)
 .text.libgcc.fixed
                0x00000000        0x0 c:/program files (x86)/atmel/studio/7.0/toolchain/avr8/avr8-gnu-toolchain/bin/../lib/gcc/avr/5.4.0/avr5\libgcc.a(_muluhisi3.o)
 .text          0x00000000        0x0 c:/program files (x86)/atmel/studio/7.0/toolchain/avr8/avr8-gnu-toolchain/bin/../lib/gcc/avr/5.4.0/avr5\libgcc.a(_umulhisi3.o)
 .data          0x00000000        0x0 c:/program files (x86)/atmel/studio/7.0/toolchain/avr8/avr8-gnu-toolchain/bin/../lib/gcc/avr/5.4.0/avr5\libgcc.a(_umulhisi3.o)
 .bss           0x00000000        0x0 c:/program files (x86)/atmel/studio/7.0/toolchain/avr8/avr8-gnu-toolchain/bin/../lib/gcc/avr/5.4.0/avr5\libgcc.a(_umulhisi3.o)
 .text.libgcc.mul
                0x00000000       0x1e c:/program files (x86)/atmel/studio/7.0/toolchain/avr8/avr8-gnu-toolchain/bin/../lib/gcc/avr/5.4.0/avr5\libgcc.a(_umulhisi3.o)
 .text.libgcc.div
                0x00000000        0x0 c:/program files (x86)/atmel/studio/7.0/toolchain/avr8/avr8-gnu-toolchain/bin/../lib/gcc/avr/5.4.0/avr5\libgcc.a(_umulhisi3.o)
 .text.libgcc   0x00000000        0x0 c:/program files (x86)/atmel/studio/7.0/toolchain/avr8/avr8-gnu-toolchain/bin/../lib/gcc/avr/5.4.0/avr5\libgcc.a(_umulhisi3.o)
 .text.libgcc.prologue
                0x00000000        0x0 c:/program files (x86)/atmel/studio/7.0/toolchain/avr8/avr8-gnu-toolchain/bin/../lib/gcc/avr/5.4.0/avr5\libgcc.a(_umulhisi3.o)
 .text.libgcc.builtins
                0x00000000        0x0 c:/program files (x86)/atmel/studio/7.0/toolchain/avr8/avr8-gnu-toolchain/bin/../lib/gcc/avr/5.4.0/avr5\libgcc.a(_umulhisi3.o)
 .text.libgcc.fmul
                0x00000000        0x0 c:/program files (x86)/atmel/studio/7.0/toolchain/avr8/avr8-gnu-toolchain/bin/../lib/gcc/avr/5.4.0/avr5\libgcc.a(_umulhisi3.o)
 .text.libgcc.fixed
                0x00000000        0x0 c:/program files (x86)/atmel/studio/7.0/toolchain/avr8/avr8-gnu-toolchain/bin/../lib/gcc/avr/5.4.0/avr5\libgcc.a(_umulhisi3.o)
 .text          0x00000000        0x0 c:/program files (x86)/atmel/studio/7.0/toolchain/avr8/avr8-gnu-toolchain/bin/../lib/gcc/avr/5.4.0/../../../../avr/lib/avr5\libc.a(memcpy.o)
 .data          0x00000000        0x0 c:/program files (x86)/atmel/studio/7.0/toolchain/avr8/avr8-gnu-toolchain/bin/../lib/gcc/avr/5.4.0/../../../../avr/lib/avr5\libc.a(memcpy.o)
 .bss           0x00000000        0x0 c:/program files (x86)/atmel/studio/7.0/toolchain/avr8/avr8-gnu-toolchain/bin/../lib/gcc/avr/5.4.0/../../../../avr/lib/avr5\libc.a(memcpy.o)
 .text          0x00000000        0x0 c:/program files (x86)/atmel/studio/7.0/toolchain/avr8/avr8-gnu-toolchain/bin/../lib/gcc/avr/5.4.0/../../../../avr/lib/avr5\libc.a(sprintf.o)
 .data          0x00000000        0x0 c:/program files (x86)/atmel/studio/7.0/toolchain/avr8/avr8-gnu-toolchain/bin/../lib/gcc/avr/5.4.0/../../../../avr/lib/avr5\libc.a(sprintf.o)
 .bss           0x00000000        0x0 c:/program files (x86)/atmel/studio/7.0/toolchain/avr8/avr8-gnu-toolchain/bin/../lib/gcc/avr/5.4.0/../../../../avr/lib/avr5\libc.a(sprintf.o)
 .text.avr-libc
                0x00000000       0x44 c:/program files (x86)/atmel/studio/7.0/toolchain/avr8/avr8-gnu-toolchain/bin/../lib/gcc/avr/5.4.0/../../../../avr/lib/avr5\libc.a(sprintf.o)
 .comment       0x00000000       0x31 c:/program files (x86)/atmel/studio/7.0/toolchain/avr8/avr8-gnu-toolchain/bin/../lib/gcc/avr/5.4.0/../../../../avr/lib/avr5\libc.a(sprintf.o)
 .text          0x00000000        0x0 c:/program files (x86)/atmel/studio/7.0/toolchain/avr8/avr8-gnu-toolchain/bin/../lib/gcc/avr/5.4.0/../../../../avr/lib/avr5\libc.a(vfprintf_std.o)
 .data          0x00000000        0x0 c:/program files (x86)/atmel/studio/7.0/toolchain/avr8/avr8-gnu-toolchain/bin/../lib/gcc/avr/5.4.0/../../../../avr/lib/avr5\libc.a(vfprintf_std.o)
 .bss           0x00000000        0x0 c:/program files (x86)/atmel/studio/7.0/toolchain/avr8/avr8-gnu-toolchain/bin/../lib/gcc/avr/5.4.0/../../../../avr/lib/avr5\libc.a(vfprintf_std.o)
 .text.avr-libc
                0x00000000      0x3c2 c:/program files (x86)/atmel/studio/7.0/toolchain/avr8/avr8-gnu-toolchain/bin/../lib/gcc/avr/5.4.0/../../../../avr/lib/avr5\libc.a(vfprintf_std.o)
 .comment       0x00000000       0x2d c:/program files (x86)/atmel/studio/7.0/toolchain/avr8/avr8-gnu-toolchain/bin/../lib/gcc/avr/5.4.0/../../../../avr/lib/avr5\libc.a(vfprintf_std.o)
 .text          0x00000000        0x0 c:/program files (x86)/atmel/studio/7.0/toolchain/avr8/avr8-gnu-toolchain/bin/../lib/gcc/avr/5.4.0/../../../../avr/lib/avr5\libc.a(strnlen_P.o)
 .data          0x00000000        0x0 c:/program files (x86)/atmel/studio/7.0/toolchain/avr8/avr8-gnu-toolchain/bin/../lib/gcc/avr/5.4.0/../../../../avr/lib/avr5\libc.a(strnlen_P.o)
 .bss           0x00000000        0x0 c:/program files (x86)/atmel/studio/7.0/toolchain/avr8/avr8-gnu-toolchain/bin/../lib/gcc/avr/5.4.0/../../../../avr/lib/avr5\libc.a(strnlen_P.o)
 .text.avr-libc
                0x00000000       0x16 c:/program files (x86)/atmel/studio/7.0/toolchain/avr8/avr8-gnu-toolchain/bin/../lib/gcc/avr/5.4.0/../../../../avr/lib/avr5\libc.a(strnlen_P.o)
 .text          0x00000000        0x0 c:/program files (x86)/atmel/studio/7.0/toolchain/avr8/avr8-gnu-toolchain/bin/../lib/gcc/avr/5.4.0/../../../../avr/lib/avr5\libc.a(strnlen.o)
 .data          0x00000000        0x0 c:/program files (x86)/atmel/studio/7.0/toolchain/avr8/avr8-gnu-toolchain/bin/../lib/gcc/avr/5.4.0/../../../../avr/lib/avr5\libc.a(strnlen.o)
 .bss           0x00000000        0x0 c:/program files (x86)/atmel/studio/7.0/toolchain/avr8/avr8-gnu-toolchain/bin/../lib/gcc/avr/5.4.0/../../../../avr/lib/avr5\libc.a(strnlen.o)
 .text.avr-libc
                0x00000000       0x16 c:/program files (x86)/atmel/studio/7.0/toolchain/avr8/avr8-gnu-toolchain/bin/../lib/gcc/avr/5.4.0/../../../../avr/lib/avr5\libc.a(strnlen.o)
 .text          0x00000000        0x0 c:/program files (x86)/atmel/studio/7.0/toolchain/avr8/avr8-gnu-toolchain/bin/../lib/gcc/avr/5.4.0/../../../../avr/lib/avr5\libc.a(fputc.o)
 .data          0x00000000        0x0 c:/program files (x86)/atmel/studio/7.0/toolchain/avr8/avr8-gnu-toolchain/bin/../lib/gcc/avr/5.4.0/../../../../avr/lib/avr5\libc.a(fputc.o)
 .bss           0x00000000        0x0 c:/program files (x86)/atmel/studio/7.0/toolchain/avr8/avr8-gnu-toolchain/bin/../lib/gcc/avr/5.4.0/../../../../avr/lib/avr5\libc.a(fputc.o)
 .text.avr-libc
                0x00000000       0x78 c:/program files (x86)/atmel/studio/7.0/toolchain/avr8/avr8-gnu-toolchain/bin/../lib/gcc/avr/5.4.0/../../../../avr/lib/avr5\libc.a(fputc.o)
 .comment       0x00000000       0x31 c:/program files (x86)/atmel/studio/7.0/toolchain/avr8/avr8-gnu-toolchain/bin/../lib/gcc/avr/5.4.0/../../../../avr/lib/avr5\libc.a(fputc.o)
 .text          0x00000000        0x0 c:/program files (x86)/atmel/studio/7.0/toolchain/avr8/avr8-gnu-toolchain/bin/../lib/gcc/avr/5.4.0/../../../../avr/lib/avr5\libc.a(ultoa_invert.o)
 .data          0x00000000        0x0 c:/program files (x86)/atmel/studio/7.0/toolchain/avr8/avr8-gnu-toolchain/bin/../lib/gcc/avr/5.4.0/../../../../avr/lib/avr5\libc.a(ultoa_invert.o)
 .bss           0x00000000        0x0 c:/program files (x86)/atmel/studio/7.0/toolchain/avr8/avr8-gnu-toolchain/bin/../lib/gcc/avr/5.4.0/../../../../avr/lib/avr5\libc.a(ultoa_invert.o)
 .text.avr-libc
                0x00000000       0xbc c:/program files (x86)/atmel/studio/7.0/toolchain/avr8/avr8-gnu-toolchain/bin/../lib/gcc/avr/5.4.0/../../../../avr/lib/avr5\libc.a(ultoa_invert.o)
 .text          0x00000000        0x0 c:/program files (x86)/atmel/studio/7.0/toolchain/avr8/avr8-gnu-toolchain/bin/../lib/gcc/avr/5.4.0/avr5\libgcc.a(_prologue.o)
 .data          0x00000000        0x0 c:/program files (x86)/atmel/studio/7.0/toolchain/avr8/avr8-gnu-toolchain/bin/../lib/gcc/avr/5.4.0/avr5\libgcc.a(_prologue.o)
 .bss           0x00000000        0x0 c:/program files (x86)/atmel/studio/7.0/toolchain/avr8/avr8-gnu-toolchain/bin/../lib/gcc/avr/5.4.0/avr5\libgcc.a(_prologue.o)
 .text.libgcc.mul
                0x00000000        0x0 c:/program files (x86)/atmel/studio/7.0/toolchain/avr8/avr8-gnu-toolchain/bin/../lib/gcc/avr/5.4.0/avr5\libgcc.a(_prologue.o)
 .text.libgcc.div
                0x00000000        0x0 c:/program files (x86)/atmel/studio/7.0/toolchain/avr8/avr8-gnu-toolchain/bin/../lib/gcc/avr/5.4.0/avr5\libgcc.a(_prologue.o)
 .text.libgcc   0x00000000        0x0 c:/program files (x86)/atmel/studio/7.0/toolchain/avr8/avr8-gnu-toolchain/bin/../lib/gcc/avr/5.4.0/avr5\libgcc.a(_prologue.o)
 .text.libgcc.prologue
                0x00000000       0x38 c:/program files (x86)/atmel/studio/7.0/toolchain/avr8/avr8-gnu-toolchain/bin/../lib/gcc/avr/5.4.0/avr5\libgcc.a(_prologue.o)
 .text.libgcc.builtins
                0x00000000        0x0 c:/program files (x86)/atmel/studio/7.0/toolchain/avr8/avr8-gnu-toolchain/bin/../lib/gcc/avr/5.4.0/avr5\libgcc.a(_prologue.o)
 .text.libgcc.fmul
                0x00000000        0x0 c:/program files (x86)/atmel/studio/7.0/toolchain/avr8/avr8-gnu-toolchain/bin/../lib/gcc/avr/5.4.0/avr5\libgcc.a(_prologue.o)
 .text.libgcc.fixed
                0x00000000        0x0 c:/program files (x86)/atmel/studio/7.0/toolchain/avr8/avr8-gnu-toolchain/bin/../lib/gcc/avr/5.4.0/avr5\libgcc.a(_prologue.o)
 .text          0x00000000        0x0 c:/program files (x86)/atmel/studio/7.0/toolchain/avr8/avr8-gnu-toolchain/bin/../lib/gcc/avr/5.4.0/avr5\libgcc.a(_epilogue.o)
 .data          0x00000000        0x0 c:/program files (x86)/atmel/studio/7.0/toolchain/avr8/avr8-gnu-toolchain/bin/../lib/gcc/avr/5.4.0/avr5\libgcc.a(_epilogue.o)
 .bss           0x00000000        0x0 c:/program files (x86)/atmel/studio/7.0/toolchain/avr8/avr8-gnu-toolchain/bin/../lib/gcc/avr/5.4.0/avr5\libgcc.a(_epilogue.o)
 .text.libgcc.mul
                0x00000000        0x0 c:/program files (x86)/atmel/studio/7.0/toolchain/avr8/avr8-gnu-toolchain/bin/../lib/gcc/avr/5.4.0/avr5\libgcc.a(_epilogue.o)
 .text.libgcc.div
                0x00000000        0x0 c:/program files (x86)/atmel/studio/7.0/toolchain/avr8/avr8-gnu-toolchain/bin/../lib/gcc/avr/5.4.0/avr5\libgcc.a(_epilogue.o)
 .text.libgcc   0x00000000        0x0 c:/program files (x86)/atmel/studio/7.0/toolchain/avr8/avr8-gnu-toolchain/bin/../lib/gcc/avr/5.4.0/avr5\libgcc.a(_epilogue.o)
 .text.libgcc.prologue
                0x00000000       0x36 c:/program files (x86)/atmel/studio/7.0/toolchain/avr8/avr8-gnu-toolchain/bin/../lib/gcc/avr/5.4.0/avr5\libgcc.a(_epilogue.o)
 .text.libgcc.builtins
                0x00000000        0x0 c:/program files (x86)/atmel/studio/7.0/toolchain/avr8/avr8-gnu-toolchain/bin/../lib/gcc/avr/5.4.0/avr5\libgcc.a(_epilogue.o)
 .text.libgcc.fmul
                0x00000000        0x0 c:/program files (x86)/atmel/studio/7.0/toolchain/avr8/avr8-gnu-toolchain/bin/../lib/gcc/avr/5.4.0/avr5\libgcc.a(_epilogue.o)
 .text.libgcc.fixed
                0x00000000        0x0 c:/program files (x86)/atmel/studio/7.0/toolchain/avr8/avr8-gnu-toolchain/bin/../lib/gcc/avr/5.4.0/avr5\libgcc.a(_epilogue.o)

Memory Configuration

Name             Origin             Length             Attributes
text             0x00000000         0x00008000         xr
data             0x00800060         0x00000800         rw !x
eeprom           0x00810000         0x00000400         rw !x
fuse             0x00820000         0x00000002         rw !x
lock             0x00830000         0x00000400         rw !x
signature        0x00840000         0x00000400         rw !x
user_signatures  0x00850000         0x00000400         rw !x
*default*        0x00000000         0xffffffff

Linker script and memory map

LOAD C:/Program Files (x86)/Atmel/Studio/7.0/Packs/atmel/ATmega_DFP/1.7.374/gcc/dev/atmega32/avr5/crtatmega32.o
LOAD Drivers/src/ADC.o
LOAD Drivers/src/board.o
LOAD Drivers/src/Keypad.o
LOAD Drivers/src/LCD.o
LOAD Drivers/src/uart.o
LOAD FreeRTOS/Src/croutine.o
LOAD FreeRTOS/Src/event_groups.o
LOAD FreeRTOS/Src/heap_1.o
LOAD FreeRTOS/Src/integer.o
LOAD FreeRTOS/Src/list.o
LOAD FreeRTOS/Src/PollQ.o
LOAD FreeRTOS/Src/port.o
LOAD FreeRTOS/Src/queue.o
LOAD FreeRTOS/Src/tasks.o
LOAD main.o
START GROUP
LOAD c:/program files (x86)/atmel/studio/7.0/toolchain/avr8/avr8-gnu-toolchain/bin/../lib/gcc/avr/5.4.0/../../../../avr/lib/avr5\libm.a
END GROUP
START GROUP
LOAD c:/program files (x86)/atmel/studio/7.0/toolchain/avr8/avr8-gnu-toolchain/bin/../lib/gcc/avr/5.4.0/avr5\libgcc.a
LOAD c:/program files (x86)/atmel/studio/7.0/toolchain/avr8/avr8-gnu-toolchain/bin/../lib/gcc/avr/5.4.0/../../../../avr/lib/avr5\libm.a
LOAD c:/program files (x86)/atmel/studio/7.0/toolchain/avr8/avr8-gnu-toolchain/bin/../lib/gcc/avr/5.4.0/../../../../avr/lib/avr5\libc.a
LOAD C:/Program Files (x86)/Atmel/Studio/7.0/Packs/atmel/ATmega_DFP/1.7.374/gcc/dev/atmega32/avr5\libatmega32.a
END GROUP
                0x00000000                __TEXT_REGION_ORIGIN__ = DEFINED (__TEXT_REGION_ORIGIN__)?__TEXT_REGION_ORIGIN__:0x0
                [0x00800060]                __DATA_REGION_ORIGIN__ = DEFINED (__DATA_REGION_ORIGIN__)?__DATA_REGION_ORIGIN__:0x800060
                [0x00008000]                __TEXT_REGION_LENGTH__ = DEFINED (__TEXT_REGION_LENGTH__)?__TEXT_REGION_LENGTH__:0x20000
                [0x00000800]                __DATA_REGION_LENGTH__ = DEFINED (__DATA_REGION_LENGTH__)?__DATA_REGION_LENGTH__:0xffa0
                [0x00000400]                __EEPROM_REGION_LENGTH__ = DEFINED (__EEPROM_REGION_LENGTH__)?__EEPROM_REGION_LENGTH__:0x10000
                [0x00000002]                __FUSE_REGION_LENGTH__ = DEFINED (__FUSE_REGION_LENGTH__)?__FUSE_REGION_LENGTH__:0x400
                0x00000400                __LOCK_REGION_LENGTH__ = DEFINED (__LOCK_REGION_LENGTH__)?__LOCK_REGION_LENGTH__:0x400
                0x00000400                __SIGNATURE_REGION_LENGTH__ = DEFINED (__SIGNATURE_REGION_LENGTH__)?__SIGNATURE_REGION_LENGTH__:0x400
                0x00000400                __USER_SIGNATURE_REGION_LENGTH__ = DEFINED (__USER_SIGNATURE_REGION_LENGTH__)?__USER_SIGNATURE_REGION_LENGTH__:0x400

.hash
 *(.hash)

.dynsym
 *(.dynsym)

.dynstr
 *(.dynstr)

.gnu.version
 *(.gnu.version)

.gnu.version_d
 *(.gnu.version_d)

.gnu.version_r
 *(.gnu.version_r)

.rel.init
 *(.rel.init)

.rela.init
 *(.rela.init)

.rel.text
 *(.rel.text)
 *(.rel.text.*)
 *(.rel.gnu.linkonce.t*)

.rela.text
 *(.rela.text)
 *(.rela.text.*)
 *(.rela.gnu.linkonce.t*)

.rel.fini
 *(.rel.fini)

.rela.fini
 *(.rela.fini)

.rel.rodata
 *(.rel.rodata)
 *(.rel.rodata.*)
 *(.rel.gnu.linkonce.r*)

.rela.rodata
 *(.rela.rodata)
 *(.rela.rodata.*)
 *(.rela.gnu.linkonce.r*)

.rel.data
 *(.rel.data)
 *(.rel.data.*)
 *(.rel.gnu.linkonce.d*)

.rela.data
 *(.rela.data)
 *(.rela.data.*)
 *(.rela.gnu.linkonce.d*)

.rel.ctors
 *(.rel.ctors)

.rela.ctors
 *(.rela.ctors)

.rel.dtors
 *(.rel.dtors)

.rela.dtors
 *(.rela.dtors)

.rel.got
 *(.rel.got)

.rela.got
 *(.rela.got)

.rel.bss
 *(.rel.bss)

.rela.bss
 *(.rela.bss)

.rel.plt
 *(.rel.plt)

.rela.plt
 *(.rela.plt)

.text           0x00000000     0x15f0
 *(.vectors)
 .vectors       0x00000000       0x54 C:/Program Files (x86)/Atmel/Studio/7.0/Packs/atmel/ATmega_DFP/1.7.374/gcc/dev/atmega32/avr5/crtatmega32.o
                0x00000000                __vector_default
                0x00000000                __vectors
 *(.vectors)
 *(.progmem.gcc*)
                0x00000054                . = ALIGN (0x2)
                0x00000054                __trampolines_start = .
 *(.trampolines)
 .trampolines   0x00000054        0x0 linker stubs
 *(.trampolines*)
                0x00000054                __trampolines_end = .
 *libprintf_flt.a:*(.progmem.data)
 *libc.a:*(.progmem.data)
 *(.progmem*)
                0x00000054                . = ALIGN (0x2)
 *(.jumptables)
 *(.jumptables*)
 *(.lowtext)
 *(.lowtext*)
                0x00000054                __ctors_start = .
 *(.ctors)
                0x00000054                __ctors_end = .
                0x00000054                __dtors_start = .
 *(.dtors)
                0x00000054                __dtors_end = .
 SORT(*)(.ctors)
 SORT(*)(.dtors)
 *(.init0)
 .init0         0x00000054        0x0 C:/Program Files (x86)/Atmel/Studio/7.0/Packs/atmel/ATmega_DFP/1.7.374/gcc/dev/atmega32/avr5/crtatmega32.o
                0x00000054                __init
 *(.init0)
 *(.init1)
 *(.init1)
 *(.init2)
 .init2         0x00000054        0xc C:/Program Files (x86)/Atmel/Studio/7.0/Packs/atmel/ATmega_DFP/1.7.374/gcc/dev/atmega32/avr5/crtatmega32.o
 *(.init2)
 *(.init3)
 *(.init3)
 *(.init4)
 .init4         0x00000060       0x16 c:/program files (x86)/atmel/studio/7.0/toolchain/avr8/avr8-gnu-toolchain/bin/../lib/gcc/avr/5.4.0/avr5\libgcc.a(_copy_data.o)
                0x00000060                __do_copy_data
 .init4         0x00000076       0x10 c:/program files (x86)/atmel/studio/7.0/toolchain/avr8/avr8-gnu-toolchain/bin/../lib/gcc/avr/5.4.0/avr5\libgcc.a(_clear_bss.o)
                0x00000076                __do_clear_bss
 *(.init4)
 *(.init5)
 *(.init5)
 *(.init6)
 *(.init6)
 *(.init7)
 *(.init7)
 *(.init8)
 *(.init8)
 *(.init9)
 .init9         0x00000086        0x8 C:/Program Files (x86)/Atmel/Studio/7.0/Packs/atmel/ATmega_DFP/1.7.374/gcc/dev/atmega32/avr5/crtatmega32.o
 *(.init9)
 *(.text)
 .text          0x0000008e        0x4 C:/Program Files (x86)/Atmel/Studio/7.0/Packs/atmel/ATmega_DFP/1.7.374/gcc/dev/atmega32/avr5/crtatmega32.o
                0x0000008e                __vector_1
                0x0000008e                __vector_12
                0x0000008e                __bad_interrupt
                0x0000008e                __vector_6
                0x0000008e                __vector_3
                0x0000008e                __vector_11
                0x0000008e                __vector_13
                0x0000008e                __vector_17
                0x0000008e                __vector_19
                0x0000008e                __vector_5
                0x0000008e                __vector_4
                0x0000008e                __vector_9
                0x0000008e                __vector_2
                0x0000008e                __vector_15
                0x0000008e                __vector_8
                0x0000008e                __vector_14
                0x0000008e                __vector_10
                0x0000008e                __vector_16
                0x0000008e                __vector_18
                0x0000008e                __vector_20
                0x00000092                . = ALIGN (0x2)
 *(.text.*)
 .text.Leds_Off
                0x00000092        0xa Drivers/src/board.o
                0x00000092                Leds_Off
 .text.Leds_Init
                0x0000009c        0xa Drivers/src/board.o
                0x0000009c                Leds_Init
 .text.Leds_AllOff
                0x000000a6        0x6 Drivers/src/board.o
                0x000000a6                Leds_AllOff
 .text.Leds_AllInit
                0x000000ac        0xa Drivers/src/board.o
                0x000000ac                Leds_AllInit
 .text.Key_Init
                0x000000b6       0x1a Drivers/src/Keypad.o
                0x000000b6                Key_Init
 .text.LCD_Latch
                0x000000d0        0xe Drivers/src/LCD.o
 .text.LCD_SendCMD
                0x000000de       0x58 Drivers/src/LCD.o
 .text.LCD_GotoXY
                0x00000136       0x10 Drivers/src/LCD.o
 .text.LCD_SendData
                0x00000146       0x58 Drivers/src/LCD.o
 .text.LCD_RetHome
                0x0000019e       0x14 Drivers/src/LCD.o
                0x0000019e                LCD_RetHome
 .text.LCD_Clear
                0x000001b2       0x14 Drivers/src/LCD.o
                0x000001b2                LCD_Clear
 .text.LCD_Init
                0x000001c6       0x38 Drivers/src/LCD.o
                0x000001c6                LCD_Init
 .text.LCD_DispStr
                0x000001fe       0x26 Drivers/src/LCD.o
                0x000001fe                LCD_DispStr
 .text.LCD_DispStrXY
                0x00000224       0x14 Drivers/src/LCD.o
                0x00000224                LCD_DispStrXY
 .text.Uart_Init
                0x00000238       0x3c Drivers/src/uart.o
                0x00000238                Uart_Init
 .text.Uart_SendByte
                0x00000274        0x8 Drivers/src/uart.o
                0x00000274                Uart_SendByte
 .text.Uart_ReceiveByte_unblock
                0x0000027c       0x12 Drivers/src/uart.o
                0x0000027c                Uart_ReceiveByte_unblock
 .text.Uart_SendStr
                0x0000028e       0x18 Drivers/src/uart.o
                0x0000028e                Uart_SendStr
 .text.pvPortMalloc
                0x000002a6       0x64 FreeRTOS/Src/heap_1.o
                0x000002a6                pvPortMalloc
 .text.vPortFree
                0x0000030a        0x2 FreeRTOS/Src/heap_1.o
                0x0000030a                vPortFree
 .text.vListInitialise
                0x0000030c       0x1c FreeRTOS/Src/list.o
                0x0000030c                vListInitialise
 .text.vListInitialiseItem
                0x00000328        0x8 FreeRTOS/Src/list.o
                0x00000328                vListInitialiseItem
 .text.vListInsertEnd
                0x00000330       0x42 FreeRTOS/Src/list.o
                0x00000330                vListInsertEnd
 .text.vListInsert
                0x00000372       0x70 FreeRTOS/Src/list.o
                0x00000372                vListInsert
 .text.uxListRemove
                0x000003e2       0x46 FreeRTOS/Src/list.o
                0x000003e2                uxListRemove
 .text.pxPortInitialiseStack
                0x00000428       0xd8 FreeRTOS/Src/port.o
                0x00000428                pxPortInitialiseStack
 .text.xPortStartScheduler
                0x00000500       0x6a FreeRTOS/Src/port.o
                0x00000500                xPortStartScheduler
 .text.vPortYield
                0x0000056a       0xb2 FreeRTOS/Src/port.o
                0x0000056a                vPortYield
 .text.vPortYieldFromTick
                0x0000061c       0xb8 FreeRTOS/Src/port.o
                0x0000061c                vPortYieldFromTick
 .text.__vector_7
                0x000006d4        0x6 FreeRTOS/Src/port.o
                0x000006d4                __vector_7
 .text.prvCopyDataToQueue
                0x000006da       0xac FreeRTOS/Src/queue.o
 .text.prvCopyDataFromQueue
                0x00000786       0x34 FreeRTOS/Src/queue.o
 .text.prvUnlockQueue
                0x000007ba       0x7c FreeRTOS/Src/queue.o
 .text.xQueueGenericReset
                0x00000836       0x74 FreeRTOS/Src/queue.o
                0x00000836                xQueueGenericReset
 .text.xQueueGenericCreate
                0x000008aa       0x56 FreeRTOS/Src/queue.o
                0x000008aa                xQueueGenericCreate
 .text.xQueueGenericSend
                0x00000900      0x134 FreeRTOS/Src/queue.o
                0x00000900                xQueueGenericSend
 .text.xQueueGenericReceive
                0x00000a34      0x176 FreeRTOS/Src/queue.o
                0x00000a34                xQueueGenericReceive
 .text.prvResetNextTaskUnblockTime
                0x00000baa       0x36 FreeRTOS/Src/tasks.o
 .text.prvAddCurrentTaskToDelayedList
                0x00000be0       0x70 FreeRTOS/Src/tasks.o
 .text.xTaskGenericCreate
                0x00000c50      0x1ec FreeRTOS/Src/tasks.o
                0x00000c50                xTaskGenericCreate
 .text.vTaskStartScheduler
                0x00000e3c       0x64 FreeRTOS/Src/tasks.o
                0x00000e3c                vTaskStartScheduler
 .text.vTaskSuspendAll
                0x00000ea0        0xc FreeRTOS/Src/tasks.o
                0x00000ea0                vTaskSuspendAll
 .text.xTaskIncrementTick
                0x00000eac      0x15e FreeRTOS/Src/tasks.o
                0x00000eac                xTaskIncrementTick
 .text.xTaskResumeAll
                0x0000100a       0xe0 FreeRTOS/Src/tasks.o
                0x0000100a                xTaskResumeAll
 .text.prvIdleTask
                0x000010ea       0x68 FreeRTOS/Src/tasks.o
 .text.vTaskSwitchContext
                0x00001152       0x98 FreeRTOS/Src/tasks.o
                0x00001152                vTaskSwitchContext
 .text.vTaskPlaceOnEventList
                0x000011ea       0x38 FreeRTOS/Src/tasks.o
                0x000011ea                vTaskPlaceOnEventList
 .text.xTaskRemoveFromEventList
                0x00001222       0x80 FreeRTOS/Src/tasks.o
                0x00001222                xTaskRemoveFromEventList
 .text.vTaskSetTimeOutState
                0x000012a2       0x16 FreeRTOS/Src/tasks.o
                0x000012a2                vTaskSetTimeOutState
 .text.xTaskCheckForTimeOut
                0x000012b8       0x58 FreeRTOS/Src/tasks.o
                0x000012b8                xTaskCheckForTimeOut
 .text.vTaskMissedYield
                0x00001310        0x8 FreeRTOS/Src/tasks.o
                0x00001310                vTaskMissedYield
 .text.vTaskPriorityInherit
                0x00001318       0xb2 FreeRTOS/Src/tasks.o
                0x00001318                vTaskPriorityInherit
 .text.xTaskPriorityDisinherit
                0x000013ca       0x74 FreeRTOS/Src/tasks.o
                0x000013ca                xTaskPriorityDisinherit
 .text.pvTaskIncrementMutexHeldCount
                0x0000143e       0x24 FreeRTOS/Src/tasks.o
                0x0000143e                pvTaskIncrementMutexHeldCount
 .text.T_T1     0x00001462       0x5a main.o
                0x00001462                T_T1
 .text.T_T2     0x000014bc       0x3a main.o
                0x000014bc                T_T2
 .text.system_init
                0x000014f6       0x2c main.o
                0x000014f6                system_init
 .text.startup.main
                0x00001522       0x74 main.o
                0x00001522                main
 .text.libgcc.div
                0x00001596       0x44 c:/program files (x86)/atmel/studio/7.0/toolchain/avr8/avr8-gnu-toolchain/bin/../lib/gcc/avr/5.4.0/avr5\libgcc.a(_udivmodsi4.o)
                0x00001596                __udivmodsi4
 .text.avr-libc
                0x000015da       0x12 c:/program files (x86)/atmel/studio/7.0/toolchain/avr8/avr8-gnu-toolchain/bin/../lib/gcc/avr/5.4.0/../../../../avr/lib/avr5\libc.a(memcpy.o)
                0x000015da                memcpy
                0x000015ec                . = ALIGN (0x2)
 *(.fini9)
 .fini9         0x000015ec        0x0 c:/program files (x86)/atmel/studio/7.0/toolchain/avr8/avr8-gnu-toolchain/bin/../lib/gcc/avr/5.4.0/avr5\libgcc.a(_exit.o)
                0x000015ec                _exit
                0x000015ec                exit
 *(.fini9)
 *(.fini8)
 *(.fini8)
 *(.fini7)
 *(.fini7)
 *(.fini6)
 *(.fini6)
 *(.fini5)
 *(.fini5)
 *(.fini4)
 *(.fini4)
 *(.fini3)
 *(.fini3)
 *(.fini2)
 *(.fini2)
 *(.fini1)
 *(.fini1)
 *(.fini0)
 .fini0         0x000015ec        0x4 c:/program files (x86)/atmel/studio/7.0/toolchain/avr8/avr8-gnu-toolchain/bin/../lib/gcc/avr/5.4.0/avr5\libgcc.a(_exit.o)
 *(.fini0)
                0x000015f0                _etext = .

.data           0x00800060       0x12 load address 0x000015f0
                0x00800060                PROVIDE (__data_start, .)
 *(.data)
 *(.data*)
 .data.xNextTaskUnblockTime
                0x00800060        0x2 FreeRTOS/Src/tasks.o
 *(.gnu.linkonce.d*)
 *(.rodata)
 *(.rodata*)
 .rodata.str1.1
                0x00800062        0x5 FreeRTOS/Src/tasks.o
 .rodata.str1.1
                0x00800067        0xa main.o
 *(.gnu.linkonce.r*)
                0x00800072                . = ALIGN (0x2)
 *fill*         0x00800071        0x1 
                0x00800072                _edata = .
                0x00800072                PROVIDE (__data_end, .)

.bss            0x00800072      0x4dd
                0x00800072                PROVIDE (__bss_start, .)
 *(.bss)
 *(.bss*)
 .bss.pucAlignedHeap.1980
                0x00800072        0x2 FreeRTOS/Src/heap_1.o
 .bss.xNextFreeByte
                0x00800074        0x2 FreeRTOS/Src/heap_1.o
 .bss.ucHeap    0x00800076      0x47e FreeRTOS/Src/heap_1.o
 .bss.uxSchedulerSuspended
                0x008004f4        0x1 FreeRTOS/Src/tasks.o
 .bss.uxTaskNumber
                0x008004f5        0x1 FreeRTOS/Src/tasks.o
 .bss.xNumOfOverflows
                0x008004f6        0x1 FreeRTOS/Src/tasks.o
 .bss.xYieldPending
                0x008004f7        0x1 FreeRTOS/Src/tasks.o
 .bss.uxPendedTicks
                0x008004f8        0x1 FreeRTOS/Src/tasks.o
 .bss.xSchedulerRunning
                0x008004f9        0x1 FreeRTOS/Src/tasks.o
 .bss.uxTopReadyPriority
                0x008004fa        0x1 FreeRTOS/Src/tasks.o
 .bss.xTickCount
                0x008004fb        0x2 FreeRTOS/Src/tasks.o
 .bss.uxCurrentNumberOfTasks
                0x008004fd        0x1 FreeRTOS/Src/tasks.o
 .bss.uxTasksDeleted
                0x008004fe        0x1 FreeRTOS/Src/tasks.o
 .bss.xTasksWaitingTermination
                0x008004ff        0x9 FreeRTOS/Src/tasks.o
 .bss.xPendingReadyList
                0x00800508        0x9 FreeRTOS/Src/tasks.o
 .bss.pxOverflowDelayedTaskList
                0x00800511        0x2 FreeRTOS/Src/tasks.o
 .bss.pxDelayedTaskList
                0x00800513        0x2 FreeRTOS/Src/tasks.o
 .bss.xDelayedTaskList2
                0x00800515        0x9 FreeRTOS/Src/tasks.o
 .bss.xDelayedTaskList1
                0x0080051e        0x9 FreeRTOS/Src/tasks.o
 .bss.pxReadyTasksLists
                0x00800527       0x24 FreeRTOS/Src/tasks.o
 .bss.pxCurrentTCB
                0x0080054b        0x2 FreeRTOS/Src/tasks.o
                0x0080054b                pxCurrentTCB
 .bss.mqUart    0x0080054d        0x2 main.o
                0x0080054d                mqUart
 *(COMMON)
                0x0080054f                PROVIDE (__bss_end, .)
                0x000015f0                __data_load_start = LOADADDR (.data)
                0x00001602                __data_load_end = (__data_load_start + SIZEOF (.data))

.noinit         0x0080054f        0x0
                [!provide]                PROVIDE (__noinit_start, .)
 *(.noinit*)
                [!provide]                PROVIDE (__noinit_end, .)
                0x0080054f                _end = .
                [!provide]                PROVIDE (__heap_start, .)

.eeprom         0x00810000        0x0
 *(.eeprom*)
                0x00810000                __eeprom_end = .

.fuse
 *(.fuse)
 *(.lfuse)
 *(.hfuse)
 *(.efuse)

.lock
 *(.lock*)

.signature
 *(.signature*)

.user_signatures
 *(.user_signatures*)

.stab
 *(.stab)

.stabstr
 *(.stabstr)

.stab.excl
 *(.stab.excl)

.stab.exclstr
 *(.stab.exclstr)

.stab.index
 *(.stab.index)

.stab.indexstr
 *(.stab.indexstr)

.comment        0x00000000       0x30
 *(.comment)
 .comment       0x00000000       0x30 Drivers/src/board.o
                                 0x31 (size before relaxing)
 .comment       0x00000030       0x31 Drivers/src/Keypad.o
 .comment       0x00000030       0x31 Drivers/src/LCD.o
 .comment       0x00000030       0x31 Drivers/src/uart.o
 .comment       0x00000030       0x31 FreeRTOS/Src/heap_1.o
 .comment       0x00000030       0x31 FreeRTOS/Src/list.o
 .comment       0x00000030       0x31 FreeRTOS/Src/port.o
 .comment       0x00000030       0x31 FreeRTOS/Src/queue.o
 .comment       0x00000030       0x31 FreeRTOS/Src/tasks.o
 .comment       0x00000030       0x31 main.o

.note.gnu.avr.deviceinfo
                0x00000000       0x3c
 .note.gnu.avr.deviceinfo
                0x00000000       0x3c C:/Program Files (x86)/Atmel/Studio/7.0/Packs/atmel/ATmega_DFP/1.7.374/gcc/dev/atmega32/avr5/crtatmega32.o

.note.gnu.build-id
 *(.note.gnu.build-id)

.debug
 *(.debug)

.line
 *(.line)

.debug_srcinfo
 *(.debug_srcinfo)

.debug_sfnames
 *(.debug_sfnames)

.debug_aranges
 *(.debug_aranges)

.debug_pubnames
 *(.debug_pubnames)

.debug_info     0x00000000      0x4e6
 *(.debug_info .gnu.linkonce.wi.*)
 .debug_info    0x00000000      0x4e6 C:/Program Files (x86)/Atmel/Studio/7.0/Packs/atmel/ATmega_DFP/1.7.374/gcc/dev/atmega32/avr5/crtatmega32.o

.debug_abbrev   0x00000000      0x4a3
 *(.debug_abbrev)
 .debug_abbrev  0x00000000      0x4a3 C:/Program Files (x86)/Atmel/Studio/7.0/Packs/atmel/ATmega_DFP/1.7.374/gcc/dev/atmega32/avr5/crtatmega32.o

.debug_line     0x00000000      0x116
 *(.debug_line .debug_line.* .debug_line_end)
 .debug_line    0x00000000      0x116 C:/Program Files (x86)/Atmel/Studio/7.0/Packs/atmel/ATmega_DFP/1.7.374/gcc/dev/atmega32/avr5/crtatmega32.o

.debug_frame
 *(.debug_frame)

.debug_str      0x00000000      0x196
 *(.debug_str)
 .debug_str     0x00000000      0x196 C:/Program Files (x86)/Atmel/Studio/7.0/Packs/atmel/ATmega_DFP/1.7.374/gcc/dev/atmega32/avr5/crtatmega32.o

.debug_loc
 *(.debug_loc)

.debug_macinfo
 *(.debug_macinfo)

.debug_weaknames
 *(.debug_weaknames)

.debug_funcnames
 *(.debug_funcnames)

.debug_typenames
 *(.debug_typenames)

.debug_varnames
 *(.debug_varnames)

.debug_pubtypes
 *(.debug_pubtypes)

.debug_ranges
 *(.debug_ranges)

.debug_macro
 *(.debug_macro)
OUTPUT(RTOS_APP.elf elf32-avr)
LOAD linker stubs
