Archive member included to satisfy reference by file (symbol)

c:/program files (x86)/atmel/studio/7.0/toolchain/avr8/avr8-gnu-toolchain/bin/../lib/gcc/avr/5.4.0/avr5\libgcc.a(_udivmodsi4.o)
                              Drivers/src/uart.o (__udivmodsi4)
c:/program files (x86)/atmel/studio/7.0/toolchain/avr8/avr8-gnu-toolchain/bin/../lib/gcc/avr/5.4.0/avr5\libgcc.a(_divmodsi4.o)
                              FreeRTOS/Src/integer.o (__divmodsi4)
c:/program files (x86)/atmel/studio/7.0/toolchain/avr8/avr8-gnu-toolchain/bin/../lib/gcc/avr/5.4.0/avr5\libgcc.a(_negsi2.o)
                              c:/program files (x86)/atmel/studio/7.0/toolchain/avr8/avr8-gnu-toolchain/bin/../lib/gcc/avr/5.4.0/avr5\libgcc.a(_divmodsi4.o) (__negsi2)
c:/program files (x86)/atmel/studio/7.0/toolchain/avr8/avr8-gnu-toolchain/bin/../lib/gcc/avr/5.4.0/avr5\libgcc.a(_exit.o)
                              C:/Program Files (x86)/Atmel/Studio/7.0/Packs/atmel/ATmega_DFP/1.7.374/gcc/dev/atmega32/avr5/crtatmega32.o (exit)
c:/program files (x86)/atmel/studio/7.0/toolchain/avr8/avr8-gnu-toolchain/bin/../lib/gcc/avr/5.4.0/avr5\libgcc.a(_copy_data.o)
                              Drivers/src/Keypad.o (__do_copy_data)
c:/program files (x86)/atmel/studio/7.0/toolchain/avr8/avr8-gnu-toolchain/bin/../lib/gcc/avr/5.4.0/avr5\libgcc.a(_clear_bss.o)
                              FreeRTOS/Src/croutine.o (__do_clear_bss)
c:/program files (x86)/atmel/studio/7.0/toolchain/avr8/avr8-gnu-toolchain/bin/../lib/gcc/avr/5.4.0/../../../../avr/lib/avr5\libc.a(memcpy.o)
                              FreeRTOS/Src/queue.o (memcpy)
c:/program files (x86)/atmel/studio/7.0/toolchain/avr8/avr8-gnu-toolchain/bin/../lib/gcc/avr/5.4.0/../../../../avr/lib/avr5\libc.a(sprintf.o)
                              Drivers/src/LCD.o (sprintf)
c:/program files (x86)/atmel/studio/7.0/toolchain/avr8/avr8-gnu-toolchain/bin/../lib/gcc/avr/5.4.0/../../../../avr/lib/avr5\libc.a(vfprintf_std.o)
                              c:/program files (x86)/atmel/studio/7.0/toolchain/avr8/avr8-gnu-toolchain/bin/../lib/gcc/avr/5.4.0/../../../../avr/lib/avr5\libc.a(sprintf.o) (vfprintf)
c:/program files (x86)/atmel/studio/7.0/toolchain/avr8/avr8-gnu-toolchain/bin/../lib/gcc/avr/5.4.0/../../../../avr/lib/avr5\libc.a(strnlen_P.o)
                              c:/program files (x86)/atmel/studio/7.0/toolchain/avr8/avr8-gnu-toolchain/bin/../lib/gcc/avr/5.4.0/../../../../avr/lib/avr5\libc.a(vfprintf_std.o) (strnlen_P)
c:/program files (x86)/atmel/studio/7.0/toolchain/avr8/avr8-gnu-toolchain/bin/../lib/gcc/avr/5.4.0/../../../../avr/lib/avr5\libc.a(strnlen.o)
                              c:/program files (x86)/atmel/studio/7.0/toolchain/avr8/avr8-gnu-toolchain/bin/../lib/gcc/avr/5.4.0/../../../../avr/lib/avr5\libc.a(vfprintf_std.o) (strnlen)
c:/program files (x86)/atmel/studio/7.0/toolchain/avr8/avr8-gnu-toolchain/bin/../lib/gcc/avr/5.4.0/../../../../avr/lib/avr5\libc.a(fputc.o)
                              c:/program files (x86)/atmel/studio/7.0/toolchain/avr8/avr8-gnu-toolchain/bin/../lib/gcc/avr/5.4.0/../../../../avr/lib/avr5\libc.a(vfprintf_std.o) (fputc)
c:/program files (x86)/atmel/studio/7.0/toolchain/avr8/avr8-gnu-toolchain/bin/../lib/gcc/avr/5.4.0/../../../../avr/lib/avr5\libc.a(ultoa_invert.o)
                              c:/program files (x86)/atmel/studio/7.0/toolchain/avr8/avr8-gnu-toolchain/bin/../lib/gcc/avr/5.4.0/../../../../avr/lib/avr5\libc.a(vfprintf_std.o) (__ultoa_invert)
c:/program files (x86)/atmel/studio/7.0/toolchain/avr8/avr8-gnu-toolchain/bin/../lib/gcc/avr/5.4.0/avr5\libgcc.a(_prologue.o)
                              c:/program files (x86)/atmel/studio/7.0/toolchain/avr8/avr8-gnu-toolchain/bin/../lib/gcc/avr/5.4.0/../../../../avr/lib/avr5\libc.a(sprintf.o) (__prologue_saves__)
c:/program files (x86)/atmel/studio/7.0/toolchain/avr8/avr8-gnu-toolchain/bin/../lib/gcc/avr/5.4.0/avr5\libgcc.a(_epilogue.o)
                              c:/program files (x86)/atmel/studio/7.0/toolchain/avr8/avr8-gnu-toolchain/bin/../lib/gcc/avr/5.4.0/../../../../avr/lib/avr5\libc.a(sprintf.o) (__epilogue_restores__)

Discarded input sections

 .data          0x00000000        0x0 C:/Program Files (x86)/Atmel/Studio/7.0/Packs/atmel/ATmega_DFP/1.7.374/gcc/dev/atmega32/avr5/crtatmega32.o
 .bss           0x00000000        0x0 C:/Program Files (x86)/Atmel/Studio/7.0/Packs/atmel/ATmega_DFP/1.7.374/gcc/dev/atmega32/avr5/crtatmega32.o
 .text          0x00000000        0x0 Drivers/src/ADC.o
 .data          0x00000000        0x0 Drivers/src/ADC.o
 .bss           0x00000000        0x0 Drivers/src/ADC.o
 .text.ADC_Init
                0x00000000       0x26 Drivers/src/ADC.o
 .text.ADC_Read
                0x00000000       0x22 Drivers/src/ADC.o
 .debug_info    0x00000000      0x120 Drivers/src/ADC.o
 .debug_abbrev  0x00000000       0x9f Drivers/src/ADC.o
 .debug_loc     0x00000000       0x21 Drivers/src/ADC.o
 .debug_aranges
                0x00000000       0x28 Drivers/src/ADC.o
 .debug_ranges  0x00000000       0x18 Drivers/src/ADC.o
 .debug_line    0x00000000      0x12e Drivers/src/ADC.o
 .debug_str     0x00000000      0x1e3 Drivers/src/ADC.o
 .comment       0x00000000       0x31 Drivers/src/ADC.o
 .debug_frame   0x00000000       0x34 Drivers/src/ADC.o
 .text          0x00000000        0x0 Drivers/src/board.o
 .data          0x00000000        0x0 Drivers/src/board.o
 .bss           0x00000000        0x0 Drivers/src/board.o
 .text.Led_On   0x00000000       0x16 Drivers/src/board.o
 .text.Led_Off  0x00000000       0x18 Drivers/src/board.o
 .text.Led_Init
                0x00000000       0x1c Drivers/src/board.o
 .text.Led_Toggle
                0x00000000       0x16 Drivers/src/board.o
 .text.Leds_On  0x00000000        0x8 Drivers/src/board.o
 .text.Leds_Toggle
                0x00000000        0x8 Drivers/src/board.o
 .text.Leds_AllOn
                0x00000000        0x8 Drivers/src/board.o
 .text.Leds_AllToggle
                0x00000000        0x8 Drivers/src/board.o
 .text.Buz_On   0x00000000        0x8 Drivers/src/board.o
 .text.Buz_Off  0x00000000        0x8 Drivers/src/board.o
 .text.Buz_Init
                0x00000000        0xc Drivers/src/board.o
 .text.Buz_Toggle
                0x00000000        0xa Drivers/src/board.o
 .text          0x00000000        0x0 Drivers/src/Keypad.o
 .data          0x00000000        0x0 Drivers/src/Keypad.o
 .bss           0x00000000        0x0 Drivers/src/Keypad.o
 .text.Key_GetKey
                0x00000000       0x90 Drivers/src/Keypad.o
 .text.Key_Scan
                0x00000000       0x86 Drivers/src/Keypad.o
 .rodata.keys   0x00000000        0x9 Drivers/src/Keypad.o
 .text          0x00000000        0x0 Drivers/src/LCD.o
 .data          0x00000000        0x0 Drivers/src/LCD.o
 .bss           0x00000000        0x0 Drivers/src/LCD.o
 .text.LCD_DispCharXY
                0x00000000       0x12 Drivers/src/LCD.o
 .rodata.str1.1
                0x00000000        0x6 Drivers/src/LCD.o
 .text.LCD_DispInt
                0x00000000       0x66 Drivers/src/LCD.o
 .text.LCD_DispHex
                0x00000000       0x66 Drivers/src/LCD.o
 .text.LCD_DispHexXY
                0x00000000       0x22 Drivers/src/LCD.o
 .text.LCD_DispIntXY
                0x00000000       0x22 Drivers/src/LCD.o
 .text.LCD_Fun  0x00000000       0x4c Drivers/src/LCD.o
 .text          0x00000000        0x0 Drivers/src/uart.o
 .data          0x00000000        0x0 Drivers/src/uart.o
 .bss           0x00000000        0x0 Drivers/src/uart.o
 .text.Uart_ReceiveByte
                0x00000000        0x8 Drivers/src/uart.o
 .text.Uart_ReceiveByte_unblock
                0x00000000       0x12 Drivers/src/uart.o
 .text          0x00000000        0x0 FreeRTOS/Src/croutine.o
 .data          0x00000000        0x0 FreeRTOS/Src/croutine.o
 .bss           0x00000000        0x0 FreeRTOS/Src/croutine.o
 .text.prvInitialiseCoRoutineLists
                0x00000000       0x5e FreeRTOS/Src/croutine.o
 .text.prvCheckPendingReadyList
                0x00000000       0x6c FreeRTOS/Src/croutine.o
 .text.prvCheckDelayedList
                0x00000000      0x106 FreeRTOS/Src/croutine.o
 .text.xCoRoutineCreate
                0x00000000       0xba FreeRTOS/Src/croutine.o
 .text.vCoRoutineAddToDelayedList
                0x00000000       0x86 FreeRTOS/Src/croutine.o
 .text.vCoRoutineSchedule
                0x00000000       0xb0 FreeRTOS/Src/croutine.o
 .text.xCoRoutineRemoveFromEventList
                0x00000000       0x4c FreeRTOS/Src/croutine.o
 .bss.xPassedTicks
                0x00000000        0x2 FreeRTOS/Src/croutine.o
 .bss.xLastTickCount
                0x00000000        0x2 FreeRTOS/Src/croutine.o
 .bss.xCoRoutineTickCount
                0x00000000        0x2 FreeRTOS/Src/croutine.o
 .bss.uxTopCoRoutineReadyPriority
                0x00000000        0x1 FreeRTOS/Src/croutine.o
 .bss.pxCurrentCoRoutine
                0x00000000        0x2 FreeRTOS/Src/croutine.o
 .bss.xPendingReadyCoRoutineList
                0x00000000        0x9 FreeRTOS/Src/croutine.o
 .bss.pxOverflowDelayedCoRoutineList
                0x00000000        0x2 FreeRTOS/Src/croutine.o
 .bss.pxDelayedCoRoutineList
                0x00000000        0x2 FreeRTOS/Src/croutine.o
 .bss.xDelayedCoRoutineList2
                0x00000000        0x9 FreeRTOS/Src/croutine.o
 .bss.xDelayedCoRoutineList1
                0x00000000        0x9 FreeRTOS/Src/croutine.o
 .bss.pxReadyCoRoutineLists
                0x00000000       0x12 FreeRTOS/Src/croutine.o
 .debug_info    0x00000000      0x725 FreeRTOS/Src/croutine.o
 .debug_abbrev  0x00000000      0x1ec FreeRTOS/Src/croutine.o
 .debug_loc     0x00000000      0x3f0 FreeRTOS/Src/croutine.o
 .debug_aranges
                0x00000000       0x50 FreeRTOS/Src/croutine.o
 .debug_ranges  0x00000000       0x40 FreeRTOS/Src/croutine.o
 .debug_line    0x00000000      0x3c0 FreeRTOS/Src/croutine.o
 .debug_str     0x00000000      0x542 FreeRTOS/Src/croutine.o
 .comment       0x00000000       0x31 FreeRTOS/Src/croutine.o
 .debug_frame   0x00000000      0x100 FreeRTOS/Src/croutine.o
 .text          0x00000000        0x0 FreeRTOS/Src/event_groups.o
 .data          0x00000000        0x0 FreeRTOS/Src/event_groups.o
 .bss           0x00000000        0x0 FreeRTOS/Src/event_groups.o
 .text.prvTestWaitCondition
                0x00000000       0x26 FreeRTOS/Src/event_groups.o
 .text.xEventGroupCreate
                0x00000000       0x26 FreeRTOS/Src/event_groups.o
 .text.xEventGroupWaitBits
                0x00000000       0xe4 FreeRTOS/Src/event_groups.o
 .text.xEventGroupClearBits
                0x00000000       0x1e FreeRTOS/Src/event_groups.o
 .text.xEventGroupGetBitsFromISR
                0x00000000        0x8 FreeRTOS/Src/event_groups.o
 .text.xEventGroupSetBits
                0x00000000       0xc8 FreeRTOS/Src/event_groups.o
 .text.xEventGroupSync
                0x00000000       0xd6 FreeRTOS/Src/event_groups.o
 .text.vEventGroupDelete
                0x00000000       0x2e FreeRTOS/Src/event_groups.o
 .text.vEventGroupSetBitsCallback
                0x00000000        0x8 FreeRTOS/Src/event_groups.o
 .text.vEventGroupClearBitsCallback
                0x00000000        0x8 FreeRTOS/Src/event_groups.o
 .debug_info    0x00000000      0x8c3 FreeRTOS/Src/event_groups.o
 .debug_abbrev  0x00000000      0x1d5 FreeRTOS/Src/event_groups.o
 .debug_loc     0x00000000      0xb21 FreeRTOS/Src/event_groups.o
 .debug_aranges
                0x00000000       0x68 FreeRTOS/Src/event_groups.o
 .debug_ranges  0x00000000       0x70 FreeRTOS/Src/event_groups.o
 .debug_line    0x00000000      0x417 FreeRTOS/Src/event_groups.o
 .debug_str     0x00000000      0x592 FreeRTOS/Src/event_groups.o
 .comment       0x00000000       0x31 FreeRTOS/Src/event_groups.o
 .debug_frame   0x00000000      0x15c FreeRTOS/Src/event_groups.o
 .text          0x00000000        0x0 FreeRTOS/Src/heap_1.o
 .data          0x00000000        0x0 FreeRTOS/Src/heap_1.o
 .bss           0x00000000        0x0 FreeRTOS/Src/heap_1.o
 .text.vPortInitialiseBlocks
                0x00000000        0xa FreeRTOS/Src/heap_1.o
 .text.xPortGetFreeHeapSize
                0x00000000       0x12 FreeRTOS/Src/heap_1.o
 .text          0x00000000        0x0 FreeRTOS/Src/integer.o
 .data          0x00000000        0x0 FreeRTOS/Src/integer.o
 .bss           0x00000000        0x0 FreeRTOS/Src/integer.o
 .text.vCompeteingIntMathTask
                0x00000000       0xb8 FreeRTOS/Src/integer.o
 .rodata.str1.1
                0x00000000        0x8 FreeRTOS/Src/integer.o
 .text.vStartIntegerMathTasks
                0x00000000       0x5e FreeRTOS/Src/integer.o
 .text.xAreIntegerMathsTaskStillRunning
                0x00000000       0x2a FreeRTOS/Src/integer.o
 .bss.xTaskCheck
                0x00000000        0x1 FreeRTOS/Src/integer.o
 .debug_info    0x00000000      0x213 FreeRTOS/Src/integer.o
 .debug_abbrev  0x00000000      0x109 FreeRTOS/Src/integer.o
 .debug_loc     0x00000000      0x1e6 FreeRTOS/Src/integer.o
 .debug_aranges
                0x00000000       0x30 FreeRTOS/Src/integer.o
 .debug_ranges  0x00000000       0x20 FreeRTOS/Src/integer.o
 .debug_line    0x00000000      0x145 FreeRTOS/Src/integer.o
 .debug_str     0x00000000      0x258 FreeRTOS/Src/integer.o
 .comment       0x00000000       0x31 FreeRTOS/Src/integer.o
 .debug_frame   0x00000000       0x88 FreeRTOS/Src/integer.o
 .text          0x00000000        0x0 FreeRTOS/Src/list.o
 .data          0x00000000        0x0 FreeRTOS/Src/list.o
 .bss           0x00000000        0x0 FreeRTOS/Src/list.o
 .text          0x00000000        0x0 FreeRTOS/Src/PollQ.o
 .data          0x00000000        0x0 FreeRTOS/Src/PollQ.o
 .bss           0x00000000        0x0 FreeRTOS/Src/PollQ.o
 .text.vPolledQueueProducer
                0x00000000       0x66 FreeRTOS/Src/PollQ.o
 .text.vPolledQueueConsumer
                0x00000000       0x7c FreeRTOS/Src/PollQ.o
 .rodata.str1.1
                0x00000000       0x10 FreeRTOS/Src/PollQ.o
 .text.vStartPolledQueueTasks
                0x00000000       0x6c FreeRTOS/Src/PollQ.o
 .text.xArePollingQueuesStillRunning
                0x00000000       0x22 FreeRTOS/Src/PollQ.o
 .bss.xPolledQueue.2092
                0x00000000        0x2 FreeRTOS/Src/PollQ.o
 .bss.xPollingProducerCount
                0x00000000        0x1 FreeRTOS/Src/PollQ.o
 .bss.xPollingConsumerCount
                0x00000000        0x1 FreeRTOS/Src/PollQ.o
 .debug_info    0x00000000      0x3bd FreeRTOS/Src/PollQ.o
 .debug_abbrev  0x00000000      0x106 FreeRTOS/Src/PollQ.o
 .debug_loc     0x00000000      0x240 FreeRTOS/Src/PollQ.o
 .debug_aranges
                0x00000000       0x38 FreeRTOS/Src/PollQ.o
 .debug_ranges  0x00000000       0x28 FreeRTOS/Src/PollQ.o
 .debug_line    0x00000000      0x20b FreeRTOS/Src/PollQ.o
 .debug_str     0x00000000      0x317 FreeRTOS/Src/PollQ.o
 .comment       0x00000000       0x31 FreeRTOS/Src/PollQ.o
 .debug_frame   0x00000000       0x9c FreeRTOS/Src/PollQ.o
 .text          0x00000000        0x0 FreeRTOS/Src/port.o
 .data          0x00000000        0x0 FreeRTOS/Src/port.o
 .bss           0x00000000        0x0 FreeRTOS/Src/port.o
 .text.vPortEndScheduler
                0x00000000        0x2 FreeRTOS/Src/port.o
 .text          0x00000000        0x0 FreeRTOS/Src/queue.o
 .data          0x00000000        0x0 FreeRTOS/Src/queue.o
 .bss           0x00000000        0x0 FreeRTOS/Src/queue.o
 .text.xQueueGenericReset
                0x00000000       0x8c FreeRTOS/Src/queue.o
 .text.xQueueGenericCreate
                0x00000000       0x5c FreeRTOS/Src/queue.o
 .text.xQueueCreateCountingSemaphore
                0x00000000       0x18 FreeRTOS/Src/queue.o
 .text.xQueueGenericSendFromISR
                0x00000000       0x80 FreeRTOS/Src/queue.o
 .text.xQueueReceiveFromISR
                0x00000000       0x66 FreeRTOS/Src/queue.o
 .text.xQueuePeekFromISR
                0x00000000       0x2e FreeRTOS/Src/queue.o
 .text.uxQueueMessagesWaiting
                0x00000000       0x10 FreeRTOS/Src/queue.o
 .text.uxQueueSpacesAvailable
                0x00000000       0x16 FreeRTOS/Src/queue.o
 .text.uxQueueMessagesWaitingFromISR
                0x00000000        0x6 FreeRTOS/Src/queue.o
 .text.vQueueDelete
                0x00000000       0x1e FreeRTOS/Src/queue.o
 .text.xQueueIsQueueEmptyFromISR
                0x00000000       0x10 FreeRTOS/Src/queue.o
 .text.xQueueIsQueueFullFromISR
                0x00000000       0x12 FreeRTOS/Src/queue.o
 .text.xQueueCRSend
                0x00000000       0x80 FreeRTOS/Src/queue.o
 .text.xQueueCRReceive
                0x00000000       0x92 FreeRTOS/Src/queue.o
 .text.xQueueCRSendFromISR
                0x00000000       0x4c FreeRTOS/Src/queue.o
 .text.xQueueCRReceiveFromISR
                0x00000000       0x82 FreeRTOS/Src/queue.o
 .text          0x00000000        0x0 FreeRTOS/Src/tasks.o
 .data          0x00000000        0x0 FreeRTOS/Src/tasks.o
 .bss           0x00000000        0x0 FreeRTOS/Src/tasks.o
 .text.vTaskDelete
                0x00000000       0x8e FreeRTOS/Src/tasks.o
 .text.uxTaskPriorityGet
                0x00000000       0x1c FreeRTOS/Src/tasks.o
 .text.vTaskPrioritySet
                0x00000000       0xfe FreeRTOS/Src/tasks.o
 .text.vTaskEndScheduler
                0x00000000        0xc FreeRTOS/Src/tasks.o
 .text.xTaskGetTickCount
                0x00000000       0x14 FreeRTOS/Src/tasks.o
 .text.xTaskGetTickCountFromISR
                0x00000000        0xa FreeRTOS/Src/tasks.o
 .text.uxTaskGetNumberOfTasks
                0x00000000        0x6 FreeRTOS/Src/tasks.o
 .text.vTaskDelayUntil
                0x00000000       0x8a FreeRTOS/Src/tasks.o
 .text.vTaskPlaceOnUnorderedEventList
                0x00000000       0x48 FreeRTOS/Src/tasks.o
 .text.xTaskRemoveFromUnorderedEventList
                0x00000000       0x74 FreeRTOS/Src/tasks.o
 .text.xTaskGetCurrentTaskHandle
                0x00000000        0xa FreeRTOS/Src/tasks.o
 .text.uxTaskResetEventItemValue
                0x00000000       0x2e FreeRTOS/Src/tasks.o
 .text          0x00000000        0x0 main.o
 .data          0x00000000        0x0 main.o
 .bss           0x00000000        0x0 main.o
 .text.T_T3     0x00000000        0x2 main.o
 .text          0x00000000        0x0 c:/program files (x86)/atmel/studio/7.0/toolchain/avr8/avr8-gnu-toolchain/bin/../lib/gcc/avr/5.4.0/avr5\libgcc.a(_udivmodsi4.o)
 .data          0x00000000        0x0 c:/program files (x86)/atmel/studio/7.0/toolchain/avr8/avr8-gnu-toolchain/bin/../lib/gcc/avr/5.4.0/avr5\libgcc.a(_udivmodsi4.o)
 .bss           0x00000000        0x0 c:/program files (x86)/atmel/studio/7.0/toolchain/avr8/avr8-gnu-toolchain/bin/../lib/gcc/avr/5.4.0/avr5\libgcc.a(_udivmodsi4.o)
 .text.libgcc.mul
                0x00000000        0x0 c:/program files (x86)/atmel/studio/7.0/toolchain/avr8/avr8-gnu-toolchain/bin/../lib/gcc/avr/5.4.0/avr5\libgcc.a(_udivmodsi4.o)
 .text.libgcc   0x00000000        0x0 c:/program files (x86)/atmel/studio/7.0/toolchain/avr8/avr8-gnu-toolchain/bin/../lib/gcc/avr/5.4.0/avr5\libgcc.a(_udivmodsi4.o)
 .text.libgcc.prologue
                0x00000000        0x0 c:/program files (x86)/atmel/studio/7.0/toolchain/avr8/avr8-gnu-toolchain/bin/../lib/gcc/avr/5.4.0/avr5\libgcc.a(_udivmodsi4.o)
 .text.libgcc.builtins
                0x00000000        0x0 c:/program files (x86)/atmel/studio/7.0/toolchain/avr8/avr8-gnu-toolchain/bin/../lib/gcc/avr/5.4.0/avr5\libgcc.a(_udivmodsi4.o)
 .text.libgcc.fmul
                0x00000000        0x0 c:/program files (x86)/atmel/studio/7.0/toolchain/avr8/avr8-gnu-toolchain/bin/../lib/gcc/avr/5.4.0/avr5\libgcc.a(_udivmodsi4.o)
 .text.libgcc.fixed
                0x00000000        0x0 c:/program files (x86)/atmel/studio/7.0/toolchain/avr8/avr8-gnu-toolchain/bin/../lib/gcc/avr/5.4.0/avr5\libgcc.a(_udivmodsi4.o)
 .text          0x00000000        0x0 c:/program files (x86)/atmel/studio/7.0/toolchain/avr8/avr8-gnu-toolchain/bin/../lib/gcc/avr/5.4.0/avr5\libgcc.a(_divmodsi4.o)
 .data          0x00000000        0x0 c:/program files (x86)/atmel/studio/7.0/toolchain/avr8/avr8-gnu-toolchain/bin/../lib/gcc/avr/5.4.0/avr5\libgcc.a(_divmodsi4.o)
 .bss           0x00000000        0x0 c:/program files (x86)/atmel/studio/7.0/toolchain/avr8/avr8-gnu-toolchain/bin/../lib/gcc/avr/5.4.0/avr5\libgcc.a(_divmodsi4.o)
 .text.libgcc.mul
                0x00000000        0x0 c:/program files (x86)/atmel/studio/7.0/toolchain/avr8/avr8-gnu-toolchain/bin/../lib/gcc/avr/5.4.0/avr5\libgcc.a(_divmodsi4.o)
 .text.libgcc.div
                0x00000000       0x2e c:/program files (x86)/atmel/studio/7.0/toolchain/avr8/avr8-gnu-toolchain/bin/../lib/gcc/avr/5.4.0/avr5\libgcc.a(_divmodsi4.o)
 .text.libgcc   0x00000000        0x0 c:/program files (x86)/atmel/studio/7.0/toolchain/avr8/avr8-gnu-toolchain/bin/../lib/gcc/avr/5.4.0/avr5\libgcc.a(_divmodsi4.o)
 .text.libgcc.prologue
                0x00000000        0x0 c:/program files (x86)/atmel/studio/7.0/toolchain/avr8/avr8-gnu-toolchain/bin/../lib/gcc/avr/5.4.0/avr5\libgcc.a(_divmodsi4.o)
 .text.libgcc.builtins
                0x00000000        0x0 c:/program files (x86)/atmel/studio/7.0/toolchain/avr8/avr8-gnu-toolchain/bin/../lib/gcc/avr/5.4.0/avr5\libgcc.a(_divmodsi4.o)
 .text.libgcc.fmul
                0x00000000        0x0 c:/program files (x86)/atmel/studio/7.0/toolchain/avr8/avr8-gnu-toolchain/bin/../lib/gcc/avr/5.4.0/avr5\libgcc.a(_divmodsi4.o)
 .text.libgcc.fixed
                0x00000000        0x0 c:/program files (x86)/atmel/studio/7.0/toolchain/avr8/avr8-gnu-toolchain/bin/../lib/gcc/avr/5.4.0/avr5\libgcc.a(_divmodsi4.o)
 .text          0x00000000        0x0 c:/program files (x86)/atmel/studio/7.0/toolchain/avr8/avr8-gnu-toolchain/bin/../lib/gcc/avr/5.4.0/avr5\libgcc.a(_negsi2.o)
 .data          0x00000000        0x0 c:/program files (x86)/atmel/studio/7.0/toolchain/avr8/avr8-gnu-toolchain/bin/../lib/gcc/avr/5.4.0/avr5\libgcc.a(_negsi2.o)
 .bss           0x00000000        0x0 c:/program files (x86)/atmel/studio/7.0/toolchain/avr8/avr8-gnu-toolchain/bin/../lib/gcc/avr/5.4.0/avr5\libgcc.a(_negsi2.o)
 .text.libgcc.mul
                0x00000000        0x0 c:/program files (x86)/atmel/studio/7.0/toolchain/avr8/avr8-gnu-toolchain/bin/../lib/gcc/avr/5.4.0/avr5\libgcc.a(_negsi2.o)
 .text.libgcc.div
                0x00000000       0x10 c:/program files (x86)/atmel/studio/7.0/toolchain/avr8/avr8-gnu-toolchain/bin/../lib/gcc/avr/5.4.0/avr5\libgcc.a(_negsi2.o)
 .text.libgcc   0x00000000        0x0 c:/program files (x86)/atmel/studio/7.0/toolchain/avr8/avr8-gnu-toolchain/bin/../lib/gcc/avr/5.4.0/avr5\libgcc.a(_negsi2.o)
 .text.libgcc.prologue
                0x00000000        0x0 c:/program files (x86)/atmel/studio/7.0/toolchain/avr8/avr8-gnu-toolchain/bin/../lib/gcc/avr/5.4.0/avr5\libgcc.a(_negsi2.o)
 .text.libgcc.builtins
                0x00000000        0x0 c:/program files (x86)/atmel/studio/7.0/toolchain/avr8/avr8-gnu-toolchain/bin/../lib/gcc/avr/5.4.0/avr5\libgcc.a(_negsi2.o)
 .text.libgcc.fmul
                0x00000000        0x0 c:/program files (x86)/atmel/studio/7.0/toolchain/avr8/avr8-gnu-toolchain/bin/../lib/gcc/avr/5.4.0/avr5\libgcc.a(_negsi2.o)
 .text.libgcc.fixed
                0x00000000        0x0 c:/program files (x86)/atmel/studio/7.0/toolchain/avr8/avr8-gnu-toolchain/bin/../lib/gcc/avr/5.4.0/avr5\libgcc.a(_negsi2.o)
 .text          0x00000000        0x0 c:/program files (x86)/atmel/studio/7.0/toolchain/avr8/avr8-gnu-toolchain/bin/../lib/gcc/avr/5.4.0/avr5\libgcc.a(_exit.o)
 .data          0x00000000        0x0 c:/program files (x86)/atmel/studio/7.0/toolchain/avr8/avr8-gnu-toolchain/bin/../lib/gcc/avr/5.4.0/avr5\libgcc.a(_exit.o)
 .bss           0x00000000        0x0 c:/program files (x86)/atmel/studio/7.0/toolchain/avr8/avr8-gnu-toolchain/bin/../lib/gcc/avr/5.4.0/avr5\libgcc.a(_exit.o)
 .text.libgcc.mul
                0x00000000        0x0 c:/program files (x86)/atmel/studio/7.0/toolchain/avr8/avr8-gnu-toolchain/bin/../lib/gcc/avr/5.4.0/avr5\libgcc.a(_exit.o)
 .text.libgcc.div
                0x00000000        0x0 c:/program files (x86)/atmel/studio/7.0/toolchain/avr8/avr8-gnu-toolchain/bin/../lib/gcc/avr/5.4.0/avr5\libgcc.a(_exit.o)
 .text.libgcc   0x00000000        0x0 c:/program files (x86)/atmel/studio/7.0/toolchain/avr8/avr8-gnu-toolchain/bin/../lib/gcc/avr/5.4.0/avr5\libgcc.a(_exit.o)
 .text.libgcc.prologue
                0x00000000        0x0 c:/program files (x86)/atmel/studio/7.0/toolchain/avr8/avr8-gnu-toolchain/bin/../lib/gcc/avr/5.4.0/avr5\libgcc.a(_exit.o)
 .text.libgcc.builtins
                0x00000000        0x0 c:/program files (x86)/atmel/studio/7.0/toolchain/avr8/avr8-gnu-toolchain/bin/../lib/gcc/avr/5.4.0/avr5\libgcc.a(_exit.o)
 .text.libgcc.fmul
                0x00000000        0x0 c:/program files (x86)/atmel/studio/7.0/toolchain/avr8/avr8-gnu-toolchain/bin/../lib/gcc/avr/5.4.0/avr5\libgcc.a(_exit.o)
 .text.libgcc.fixed
                0x00000000        0x0 c:/program files (x86)/atmel/studio/7.0/toolchain/avr8/avr8-gnu-toolchain/bin/../lib/gcc/avr/5.4.0/avr5\libgcc.a(_exit.o)
 .text          0x00000000        0x0 c:/program files (x86)/atmel/studio/7.0/toolchain/avr8/avr8-gnu-toolchain/bin/../lib/gcc/avr/5.4.0/avr5\libgcc.a(_copy_data.o)
 .data          0x00000000        0x0 c:/program files (x86)/atmel/studio/7.0/toolchain/avr8/avr8-gnu-toolchain/bin/../lib/gcc/avr/5.4.0/avr5\libgcc.a(_copy_data.o)
 .bss           0x00000000        0x0 c:/program files (x86)/atmel/studio/7.0/toolchain/avr8/avr8-gnu-toolchain/bin/../lib/gcc/avr/5.4.0/avr5\libgcc.a(_copy_data.o)
 .text.libgcc.mul
                0x00000000        0x0 c:/program files (x86)/atmel/studio/7.0/toolchain/avr8/avr8-gnu-toolchain/bin/../lib/gcc/avr/5.4.0/avr5\libgcc.a(_copy_data.o)
 .text.libgcc.div
                0x00000000        0x0 c:/program files (x86)/atmel/studio/7.0/toolchain/avr8/avr8-gnu-toolchain/bin/../lib/gcc/avr/5.4.0/avr5\libgcc.a(_copy_data.o)
 .text.libgcc   0x00000000        0x0 c:/program files (x86)/atmel/studio/7.0/toolchain/avr8/avr8-gnu-toolchain/bin/../lib/gcc/avr/5.4.0/avr5\libgcc.a(_copy_data.o)
 .text.libgcc.prologue
                0x00000000        0x0 c:/program files (x86)/atmel/studio/7.0/toolchain/avr8/avr8-gnu-toolchain/bin/../lib/gcc/avr/5.4.0/avr5\libgcc.a(_copy_data.o)
 .text.libgcc.builtins
                0x00000000        0x0 c:/program files (x86)/atmel/studio/7.0/toolchain/avr8/avr8-gnu-toolchain/bin/../lib/gcc/avr/5.4.0/avr5\libgcc.a(_copy_data.o)
 .text.libgcc.fmul
                0x00000000        0x0 c:/program files (x86)/atmel/studio/7.0/toolchain/avr8/avr8-gnu-toolchain/bin/../lib/gcc/avr/5.4.0/avr5\libgcc.a(_copy_data.o)
 .text.libgcc.fixed
                0x00000000        0x0 c:/program files (x86)/atmel/studio/7.0/toolchain/avr8/avr8-gnu-toolchain/bin/../lib/gcc/avr/5.4.0/avr5\libgcc.a(_copy_data.o)
 .text          0x00000000        0x0 c:/program files (x86)/atmel/studio/7.0/toolchain/avr8/avr8-gnu-toolchain/bin/../lib/gcc/avr/5.4.0/avr5\libgcc.a(_clear_bss.o)
 .data          0x00000000        0x0 c:/program files (x86)/atmel/studio/7.0/toolchain/avr8/avr8-gnu-toolchain/bin/../lib/gcc/avr/5.4.0/avr5\libgcc.a(_clear_bss.o)
 .bss           0x00000000        0x0 c:/program files (x86)/atmel/studio/7.0/toolchain/avr8/avr8-gnu-toolchain/bin/../lib/gcc/avr/5.4.0/avr5\libgcc.a(_clear_bss.o)
 .text.libgcc.mul
                0x00000000        0x0 c:/program files (x86)/atmel/studio/7.0/toolchain/avr8/avr8-gnu-toolchain/bin/../lib/gcc/avr/5.4.0/avr5\libgcc.a(_clear_bss.o)
 .text.libgcc.div
                0x00000000        0x0 c:/program files (x86)/atmel/studio/7.0/toolchain/avr8/avr8-gnu-toolchain/bin/../lib/gcc/avr/5.4.0/avr5\libgcc.a(_clear_bss.o)
 .text.libgcc   0x00000000        0x0 c:/program files (x86)/atmel/studio/7.0/toolchain/avr8/avr8-gnu-toolchain/bin/../lib/gcc/avr/5.4.0/avr5\libgcc.a(_clear_bss.o)
 .text.libgcc.prologue
                0x00000000        0x0 c:/program files (x86)/atmel/studio/7.0/toolchain/avr8/avr8-gnu-toolchain/bin/../lib/gcc/avr/5.4.0/avr5\libgcc.a(_clear_bss.o)
 .text.libgcc.builtins
                0x00000000        0x0 c:/program files (x86)/atmel/studio/7.0/toolchain/avr8/avr8-gnu-toolchain/bin/../lib/gcc/avr/5.4.0/avr5\libgcc.a(_clear_bss.o)
 .text.libgcc.fmul
                0x00000000        0x0 c:/program files (x86)/atmel/studio/7.0/toolchain/avr8/avr8-gnu-toolchain/bin/../lib/gcc/avr/5.4.0/avr5\libgcc.a(_clear_bss.o)
 .text.libgcc.fixed
                0x00000000        0x0 c:/program files (x86)/atmel/studio/7.0/toolchain/avr8/avr8-gnu-toolchain/bin/../lib/gcc/avr/5.4.0/avr5\libgcc.a(_clear_bss.o)
 .text          0x00000000        0x0 c:/program files (x86)/atmel/studio/7.0/toolchain/avr8/avr8-gnu-toolchain/bin/../lib/gcc/avr/5.4.0/../../../../avr/lib/avr5\libc.a(memcpy.o)
 .data          0x00000000        0x0 c:/program files (x86)/atmel/studio/7.0/toolchain/avr8/avr8-gnu-toolchain/bin/../lib/gcc/avr/5.4.0/../../../../avr/lib/avr5\libc.a(memcpy.o)
 .bss           0x00000000        0x0 c:/program files (x86)/atmel/studio/7.0/toolchain/avr8/avr8-gnu-toolchain/bin/../lib/gcc/avr/5.4.0/../../../../avr/lib/avr5\libc.a(memcpy.o)
 .text          0x00000000        0x0 c:/program files (x86)/atmel/studio/7.0/toolchain/avr8/avr8-gnu-toolchain/bin/../lib/gcc/avr/5.4.0/../../../../avr/lib/avr5\libc.a(sprintf.o)
 .data          0x00000000        0x0 c:/program files (x86)/atmel/studio/7.0/toolchain/avr8/avr8-gnu-toolchain/bin/../lib/gcc/avr/5.4.0/../../../../avr/lib/avr5\libc.a(sprintf.o)
 .bss           0x00000000        0x0 c:/program files (x86)/atmel/studio/7.0/toolchain/avr8/avr8-gnu-toolchain/bin/../lib/gcc/avr/5.4.0/../../../../avr/lib/avr5\libc.a(sprintf.o)
 .text.avr-libc
                0x00000000       0x44 c:/program files (x86)/atmel/studio/7.0/toolchain/avr8/avr8-gnu-toolchain/bin/../lib/gcc/avr/5.4.0/../../../../avr/lib/avr5\libc.a(sprintf.o)
 .comment       0x00000000       0x31 c:/program files (x86)/atmel/studio/7.0/toolchain/avr8/avr8-gnu-toolchain/bin/../lib/gcc/avr/5.4.0/../../../../avr/lib/avr5\libc.a(sprintf.o)
 .text          0x00000000        0x0 c:/program files (x86)/atmel/studio/7.0/toolchain/avr8/avr8-gnu-toolchain/bin/../lib/gcc/avr/5.4.0/../../../../avr/lib/avr5\libc.a(vfprintf_std.o)
 .data          0x00000000        0x0 c:/program files (x86)/atmel/studio/7.0/toolchain/avr8/avr8-gnu-toolchain/bin/../lib/gcc/avr/5.4.0/../../../../avr/lib/avr5\libc.a(vfprintf_std.o)
 .bss           0x00000000        0x0 c:/program files (x86)/atmel/studio/7.0/toolchain/avr8/avr8-gnu-toolchain/bin/../lib/gcc/avr/5.4.0/../../../../avr/lib/avr5\libc.a(vfprintf_std.o)
 .text.avr-libc
                0x00000000      0x3c2 c:/program files (x86)/atmel/studio/7.0/toolchain/avr8/avr8-gnu-toolchain/bin/../lib/gcc/avr/5.4.0/../../../../avr/lib/avr5\libc.a(vfprintf_std.o)
 .comment       0x00000000       0x2d c:/program files (x86)/atmel/studio/7.0/toolchain/avr8/avr8-gnu-toolchain/bin/../lib/gcc/avr/5.4.0/../../../../avr/lib/avr5\libc.a(vfprintf_std.o)
 .text          0x00000000        0x0 c:/program files (x86)/atmel/studio/7.0/toolchain/avr8/avr8-gnu-toolchain/bin/../lib/gcc/avr/5.4.0/../../../../avr/lib/avr5\libc.a(strnlen_P.o)
 .data          0x00000000        0x0 c:/program files (x86)/atmel/studio/7.0/toolchain/avr8/avr8-gnu-toolchain/bin/../lib/gcc/avr/5.4.0/../../../../avr/lib/avr5\libc.a(strnlen_P.o)
 .bss           0x00000000        0x0 c:/program files (x86)/atmel/studio/7.0/toolchain/avr8/avr8-gnu-toolchain/bin/../lib/gcc/avr/5.4.0/../../../../avr/lib/avr5\libc.a(strnlen_P.o)
 .text.avr-libc
                0x00000000       0x16 c:/program files (x86)/atmel/studio/7.0/toolchain/avr8/avr8-gnu-toolchain/bin/../lib/gcc/avr/5.4.0/../../../../avr/lib/avr5\libc.a(strnlen_P.o)
 .text          0x00000000        0x0 c:/program files (x86)/atmel/studio/7.0/toolchain/avr8/avr8-gnu-toolchain/bin/../lib/gcc/avr/5.4.0/../../../../avr/lib/avr5\libc.a(strnlen.o)
 .data          0x00000000        0x0 c:/program files (x86)/atmel/studio/7.0/toolchain/avr8/avr8-gnu-toolchain/bin/../lib/gcc/avr/5.4.0/../../../../avr/lib/avr5\libc.a(strnlen.o)
 .bss           0x00000000        0x0 c:/program files (x86)/atmel/studio/7.0/toolchain/avr8/avr8-gnu-toolchain/bin/../lib/gcc/avr/5.4.0/../../../../avr/lib/avr5\libc.a(strnlen.o)
 .text.avr-libc
                0x00000000       0x16 c:/program files (x86)/atmel/studio/7.0/toolchain/avr8/avr8-gnu-toolchain/bin/../lib/gcc/avr/5.4.0/../../../../avr/lib/avr5\libc.a(strnlen.o)
 .text          0x00000000        0x0 c:/program files (x86)/atmel/studio/7.0/toolchain/avr8/avr8-gnu-toolchain/bin/../lib/gcc/avr/5.4.0/../../../../avr/lib/avr5\libc.a(fputc.o)
 .data          0x00000000        0x0 c:/program files (x86)/atmel/studio/7.0/toolchain/avr8/avr8-gnu-toolchain/bin/../lib/gcc/avr/5.4.0/../../../../avr/lib/avr5\libc.a(fputc.o)
 .bss           0x00000000        0x0 c:/program files (x86)/atmel/studio/7.0/toolchain/avr8/avr8-gnu-toolchain/bin/../lib/gcc/avr/5.4.0/../../../../avr/lib/avr5\libc.a(fputc.o)
 .text.avr-libc
                0x00000000       0x78 c:/program files (x86)/atmel/studio/7.0/toolchain/avr8/avr8-gnu-toolchain/bin/../lib/gcc/avr/5.4.0/../../../../avr/lib/avr5\libc.a(fputc.o)
 .comment       0x00000000       0x31 c:/program files (x86)/atmel/studio/7.0/toolchain/avr8/avr8-gnu-toolchain/bin/../lib/gcc/avr/5.4.0/../../../../avr/lib/avr5\libc.a(fputc.o)
 .text          0x00000000        0x0 c:/program files (x86)/atmel/studio/7.0/toolchain/avr8/avr8-gnu-toolchain/bin/../lib/gcc/avr/5.4.0/../../../../avr/lib/avr5\libc.a(ultoa_invert.o)
 .data          0x00000000        0x0 c:/program files (x86)/atmel/studio/7.0/toolchain/avr8/avr8-gnu-toolchain/bin/../lib/gcc/avr/5.4.0/../../../../avr/lib/avr5\libc.a(ultoa_invert.o)
 .bss           0x00000000        0x0 c:/program files (x86)/atmel/studio/7.0/toolchain/avr8/avr8-gnu-toolchain/bin/../lib/gcc/avr/5.4.0/../../../../avr/lib/avr5\libc.a(ultoa_invert.o)
 .text.avr-libc
                0x00000000       0xbc c:/program files (x86)/atmel/studio/7.0/toolchain/avr8/avr8-gnu-toolchain/bin/../lib/gcc/avr/5.4.0/../../../../avr/lib/avr5\libc.a(ultoa_invert.o)
 .text          0x00000000        0x0 c:/program files (x86)/atmel/studio/7.0/toolchain/avr8/avr8-gnu-toolchain/bin/../lib/gcc/avr/5.4.0/avr5\libgcc.a(_prologue.o)
 .data          0x00000000        0x0 c:/program files (x86)/atmel/studio/7.0/toolchain/avr8/avr8-gnu-toolchain/bin/../lib/gcc/avr/5.4.0/avr5\libgcc.a(_prologue.o)
 .bss           0x00000000        0x0 c:/program files (x86)/atmel/studio/7.0/toolchain/avr8/avr8-gnu-toolchain/bin/../lib/gcc/avr/5.4.0/avr5\libgcc.a(_prologue.o)
 .text.libgcc.mul
                0x00000000        0x0 c:/program files (x86)/atmel/studio/7.0/toolchain/avr8/avr8-gnu-toolchain/bin/../lib/gcc/avr/5.4.0/avr5\libgcc.a(_prologue.o)
 .text.libgcc.div
                0x00000000        0x0 c:/program files (x86)/atmel/studio/7.0/toolchain/avr8/avr8-gnu-toolchain/bin/../lib/gcc/avr/5.4.0/avr5\libgcc.a(_prologue.o)
 .text.libgcc   0x00000000        0x0 c:/program files (x86)/atmel/studio/7.0/toolchain/avr8/avr8-gnu-toolchain/bin/../lib/gcc/avr/5.4.0/avr5\libgcc.a(_prologue.o)
 .text.libgcc.prologue
                0x00000000       0x38 c:/program files (x86)/atmel/studio/7.0/toolchain/avr8/avr8-gnu-toolchain/bin/../lib/gcc/avr/5.4.0/avr5\libgcc.a(_prologue.o)
 .text.libgcc.builtins
                0x00000000        0x0 c:/program files (x86)/atmel/studio/7.0/toolchain/avr8/avr8-gnu-toolchain/bin/../lib/gcc/avr/5.4.0/avr5\libgcc.a(_prologue.o)
 .text.libgcc.fmul
                0x00000000        0x0 c:/program files (x86)/atmel/studio/7.0/toolchain/avr8/avr8-gnu-toolchain/bin/../lib/gcc/avr/5.4.0/avr5\libgcc.a(_prologue.o)
 .text.libgcc.fixed
                0x00000000        0x0 c:/program files (x86)/atmel/studio/7.0/toolchain/avr8/avr8-gnu-toolchain/bin/../lib/gcc/avr/5.4.0/avr5\libgcc.a(_prologue.o)
 .text          0x00000000        0x0 c:/program files (x86)/atmel/studio/7.0/toolchain/avr8/avr8-gnu-toolchain/bin/../lib/gcc/avr/5.4.0/avr5\libgcc.a(_epilogue.o)
 .data          0x00000000        0x0 c:/program files (x86)/atmel/studio/7.0/toolchain/avr8/avr8-gnu-toolchain/bin/../lib/gcc/avr/5.4.0/avr5\libgcc.a(_epilogue.o)
 .bss           0x00000000        0x0 c:/program files (x86)/atmel/studio/7.0/toolchain/avr8/avr8-gnu-toolchain/bin/../lib/gcc/avr/5.4.0/avr5\libgcc.a(_epilogue.o)
 .text.libgcc.mul
                0x00000000        0x0 c:/program files (x86)/atmel/studio/7.0/toolchain/avr8/avr8-gnu-toolchain/bin/../lib/gcc/avr/5.4.0/avr5\libgcc.a(_epilogue.o)
 .text.libgcc.div
                0x00000000        0x0 c:/program files (x86)/atmel/studio/7.0/toolchain/avr8/avr8-gnu-toolchain/bin/../lib/gcc/avr/5.4.0/avr5\libgcc.a(_epilogue.o)
 .text.libgcc   0x00000000        0x0 c:/program files (x86)/atmel/studio/7.0/toolchain/avr8/avr8-gnu-toolchain/bin/../lib/gcc/avr/5.4.0/avr5\libgcc.a(_epilogue.o)
 .text.libgcc.prologue
                0x00000000       0x36 c:/program files (x86)/atmel/studio/7.0/toolchain/avr8/avr8-gnu-toolchain/bin/../lib/gcc/avr/5.4.0/avr5\libgcc.a(_epilogue.o)
 .text.libgcc.builtins
                0x00000000        0x0 c:/program files (x86)/atmel/studio/7.0/toolchain/avr8/avr8-gnu-toolchain/bin/../lib/gcc/avr/5.4.0/avr5\libgcc.a(_epilogue.o)
 .text.libgcc.fmul
                0x00000000        0x0 c:/program files (x86)/atmel/studio/7.0/toolchain/avr8/avr8-gnu-toolchain/bin/../lib/gcc/avr/5.4.0/avr5\libgcc.a(_epilogue.o)
 .text.libgcc.fixed
                0x00000000        0x0 c:/program files (x86)/atmel/studio/7.0/toolchain/avr8/avr8-gnu-toolchain/bin/../lib/gcc/avr/5.4.0/avr5\libgcc.a(_epilogue.o)

Memory Configuration

Name             Origin             Length             Attributes
text             0x00000000         0x00008000         xr
data             0x00800060         0x00000800         rw !x
eeprom           0x00810000         0x00000400         rw !x
fuse             0x00820000         0x00000002         rw !x
lock             0x00830000         0x00000400         rw !x
signature        0x00840000         0x00000400         rw !x
user_signatures  0x00850000         0x00000400         rw !x
*default*        0x00000000         0xffffffff

Linker script and memory map

LOAD C:/Program Files (x86)/Atmel/Studio/7.0/Packs/atmel/ATmega_DFP/1.7.374/gcc/dev/atmega32/avr5/crtatmega32.o
LOAD Drivers/src/ADC.o
LOAD Drivers/src/board.o
LOAD Drivers/src/Keypad.o
LOAD Drivers/src/LCD.o
LOAD Drivers/src/uart.o
LOAD FreeRTOS/Src/croutine.o
LOAD FreeRTOS/Src/event_groups.o
LOAD FreeRTOS/Src/heap_1.o
LOAD FreeRTOS/Src/integer.o
LOAD FreeRTOS/Src/list.o
LOAD FreeRTOS/Src/PollQ.o
LOAD FreeRTOS/Src/port.o
LOAD FreeRTOS/Src/queue.o
LOAD FreeRTOS/Src/tasks.o
LOAD main.o
START GROUP
LOAD c:/program files (x86)/atmel/studio/7.0/toolchain/avr8/avr8-gnu-toolchain/bin/../lib/gcc/avr/5.4.0/../../../../avr/lib/avr5\libm.a
END GROUP
START GROUP
LOAD c:/program files (x86)/atmel/studio/7.0/toolchain/avr8/avr8-gnu-toolchain/bin/../lib/gcc/avr/5.4.0/avr5\libgcc.a
LOAD c:/program files (x86)/atmel/studio/7.0/toolchain/avr8/avr8-gnu-toolchain/bin/../lib/gcc/avr/5.4.0/../../../../avr/lib/avr5\libm.a
LOAD c:/program files (x86)/atmel/studio/7.0/toolchain/avr8/avr8-gnu-toolchain/bin/../lib/gcc/avr/5.4.0/../../../../avr/lib/avr5\libc.a
LOAD C:/Program Files (x86)/Atmel/Studio/7.0/Packs/atmel/ATmega_DFP/1.7.374/gcc/dev/atmega32/avr5\libatmega32.a
END GROUP
                0x00000000                __TEXT_REGION_ORIGIN__ = DEFINED (__TEXT_REGION_ORIGIN__)?__TEXT_REGION_ORIGIN__:0x0
                [0x00800060]                __DATA_REGION_ORIGIN__ = DEFINED (__DATA_REGION_ORIGIN__)?__DATA_REGION_ORIGIN__:0x800060
                [0x00008000]                __TEXT_REGION_LENGTH__ = DEFINED (__TEXT_REGION_LENGTH__)?__TEXT_REGION_LENGTH__:0x20000
                [0x00000800]                __DATA_REGION_LENGTH__ = DEFINED (__DATA_REGION_LENGTH__)?__DATA_REGION_LENGTH__:0xffa0
                [0x00000400]                __EEPROM_REGION_LENGTH__ = DEFINED (__EEPROM_REGION_LENGTH__)?__EEPROM_REGION_LENGTH__:0x10000
                [0x00000002]                __FUSE_REGION_LENGTH__ = DEFINED (__FUSE_REGION_LENGTH__)?__FUSE_REGION_LENGTH__:0x400
                0x00000400                __LOCK_REGION_LENGTH__ = DEFINED (__LOCK_REGION_LENGTH__)?__LOCK_REGION_LENGTH__:0x400
                0x00000400                __SIGNATURE_REGION_LENGTH__ = DEFINED (__SIGNATURE_REGION_LENGTH__)?__SIGNATURE_REGION_LENGTH__:0x400
                0x00000400                __USER_SIGNATURE_REGION_LENGTH__ = DEFINED (__USER_SIGNATURE_REGION_LENGTH__)?__USER_SIGNATURE_REGION_LENGTH__:0x400

.hash
 *(.hash)

.dynsym
 *(.dynsym)

.dynstr
 *(.dynstr)

.gnu.version
 *(.gnu.version)

.gnu.version_d
 *(.gnu.version_d)

.gnu.version_r
 *(.gnu.version_r)

.rel.init
 *(.rel.init)

.rela.init
 *(.rela.init)

.rel.text
 *(.rel.text)
 *(.rel.text.*)
 *(.rel.gnu.linkonce.t*)

.rela.text
 *(.rela.text)
 *(.rela.text.*)
 *(.rela.gnu.linkonce.t*)

.rel.fini
 *(.rel.fini)

.rela.fini
 *(.rela.fini)

.rel.rodata
 *(.rel.rodata)
 *(.rel.rodata.*)
 *(.rel.gnu.linkonce.r*)

.rela.rodata
 *(.rela.rodata)
 *(.rela.rodata.*)
 *(.rela.gnu.linkonce.r*)

.rel.data
 *(.rel.data)
 *(.rel.data.*)
 *(.rel.gnu.linkonce.d*)

.rela.data
 *(.rela.data)
 *(.rela.data.*)
 *(.rela.gnu.linkonce.d*)

.rel.ctors
 *(.rel.ctors)

.rela.ctors
 *(.rela.ctors)

.rel.dtors
 *(.rel.dtors)

.rela.dtors
 *(.rela.dtors)

.rel.got
 *(.rel.got)

.rela.got
 *(.rela.got)

.rel.bss
 *(.rel.bss)

.rela.bss
 *(.rela.bss)

.rel.plt
 *(.rel.plt)

.rela.plt
 *(.rela.plt)

.text           0x00000000     0x1794
 *(.vectors)
 .vectors       0x00000000       0x54 C:/Program Files (x86)/Atmel/Studio/7.0/Packs/atmel/ATmega_DFP/1.7.374/gcc/dev/atmega32/avr5/crtatmega32.o
                0x00000000                __vector_default
                0x00000000                __vectors
 *(.vectors)
 *(.progmem.gcc*)
                0x00000054                . = ALIGN (0x2)
                0x00000054                __trampolines_start = .
 *(.trampolines)
 .trampolines   0x00000054        0x0 linker stubs
 *(.trampolines*)
                0x00000054                __trampolines_end = .
 *libprintf_flt.a:*(.progmem.data)
 *libc.a:*(.progmem.data)
 *(.progmem*)
                0x00000054                . = ALIGN (0x2)
 *(.jumptables)
 *(.jumptables*)
 *(.lowtext)
 *(.lowtext*)
                0x00000054                __ctors_start = .
 *(.ctors)
                0x00000054                __ctors_end = .
                0x00000054                __dtors_start = .
 *(.dtors)
                0x00000054                __dtors_end = .
 SORT(*)(.ctors)
 SORT(*)(.dtors)
 *(.init0)
 .init0         0x00000054        0x0 C:/Program Files (x86)/Atmel/Studio/7.0/Packs/atmel/ATmega_DFP/1.7.374/gcc/dev/atmega32/avr5/crtatmega32.o
                0x00000054                __init
 *(.init0)
 *(.init1)
 *(.init1)
 *(.init2)
 .init2         0x00000054        0xc C:/Program Files (x86)/Atmel/Studio/7.0/Packs/atmel/ATmega_DFP/1.7.374/gcc/dev/atmega32/avr5/crtatmega32.o
 *(.init2)
 *(.init3)
 *(.init3)
 *(.init4)
 .init4         0x00000060       0x16 c:/program files (x86)/atmel/studio/7.0/toolchain/avr8/avr8-gnu-toolchain/bin/../lib/gcc/avr/5.4.0/avr5\libgcc.a(_copy_data.o)
                0x00000060                __do_copy_data
 .init4         0x00000076       0x10 c:/program files (x86)/atmel/studio/7.0/toolchain/avr8/avr8-gnu-toolchain/bin/../lib/gcc/avr/5.4.0/avr5\libgcc.a(_clear_bss.o)
                0x00000076                __do_clear_bss
 *(.init4)
 *(.init5)
 *(.init5)
 *(.init6)
 *(.init6)
 *(.init7)
 *(.init7)
 *(.init8)
 *(.init8)
 *(.init9)
 .init9         0x00000086        0x8 C:/Program Files (x86)/Atmel/Studio/7.0/Packs/atmel/ATmega_DFP/1.7.374/gcc/dev/atmega32/avr5/crtatmega32.o
 *(.init9)
 *(.text)
 .text          0x0000008e        0x4 C:/Program Files (x86)/Atmel/Studio/7.0/Packs/atmel/ATmega_DFP/1.7.374/gcc/dev/atmega32/avr5/crtatmega32.o
                0x0000008e                __vector_1
                0x0000008e                __vector_12
                0x0000008e                __bad_interrupt
                0x0000008e                __vector_6
                0x0000008e                __vector_3
                0x0000008e                __vector_11
                0x0000008e                __vector_13
                0x0000008e                __vector_17
                0x0000008e                __vector_19
                0x0000008e                __vector_5
                0x0000008e                __vector_4
                0x0000008e                __vector_9
                0x0000008e                __vector_2
                0x0000008e                __vector_15
                0x0000008e                __vector_8
                0x0000008e                __vector_14
                0x0000008e                __vector_10
                0x0000008e                __vector_16
                0x0000008e                __vector_18
                0x0000008e                __vector_20
                0x00000092                . = ALIGN (0x2)
 *(.text.*)
 .text.Leds_Off
                0x00000092        0xa Drivers/src/board.o
                0x00000092                Leds_Off
 .text.Leds_Init
                0x0000009c        0xc Drivers/src/board.o
                0x0000009c                Leds_Init
 .text.Leds_AllOff
                0x000000a8        0x8 Drivers/src/board.o
                0x000000a8                Leds_AllOff
 .text.Leds_AllInit
                0x000000b0        0xc Drivers/src/board.o
                0x000000b0                Leds_AllInit
 .text.Key_Init
                0x000000bc       0x1a Drivers/src/Keypad.o
                0x000000bc                Key_Init
 .text.LCD_Latch
                0x000000d6       0x16 Drivers/src/LCD.o
 .text.LCD_SendCMD
                0x000000ec       0x6e Drivers/src/LCD.o
 .text.LCD_GotoXY
                0x0000015a       0x1a Drivers/src/LCD.o
 .text.LCD_SendData
                0x00000174       0x6e Drivers/src/LCD.o
 .text.LCD_RetHome
                0x000001e2       0x14 Drivers/src/LCD.o
                0x000001e2                LCD_RetHome
 .text.LCD_Clear
                0x000001f6       0x14 Drivers/src/LCD.o
                0x000001f6                LCD_Clear
 .text.LCD_Init
                0x0000020a       0x46 Drivers/src/LCD.o
                0x0000020a                LCD_Init
 .text.LCD_DispChar
                0x00000250        0x6 Drivers/src/LCD.o
                0x00000250                LCD_DispChar
 .text.LCD_DispStr
                0x00000256       0x26 Drivers/src/LCD.o
                0x00000256                LCD_DispStr
 .text.LCD_DispStrXY
                0x0000027c       0x16 Drivers/src/LCD.o
                0x0000027c                LCD_DispStrXY
 .text.Uart_Init
                0x00000292       0x4a Drivers/src/uart.o
                0x00000292                Uart_Init
 .text.Uart_SendByte
                0x000002dc        0x8 Drivers/src/uart.o
                0x000002dc                Uart_SendByte
 .text.Uart_SendStr
                0x000002e4       0x3e Drivers/src/uart.o
                0x000002e4                Uart_SendStr
 .text.pvPortMalloc
                0x00000322       0x6a FreeRTOS/Src/heap_1.o
                0x00000322                pvPortMalloc
 .text.vPortFree
                0x0000038c        0x2 FreeRTOS/Src/heap_1.o
                0x0000038c                vPortFree
 .text.vListInitialise
                0x0000038e       0x1c FreeRTOS/Src/list.o
                0x0000038e                vListInitialise
 .text.vListInitialiseItem
                0x000003aa        0x8 FreeRTOS/Src/list.o
                0x000003aa                vListInitialiseItem
 .text.vListInsertEnd
                0x000003b2       0x42 FreeRTOS/Src/list.o
                0x000003b2                vListInsertEnd
 .text.vListInsert
                0x000003f4       0x62 FreeRTOS/Src/list.o
                0x000003f4                vListInsert
 .text.uxListRemove
                0x00000456       0x4c FreeRTOS/Src/list.o
                0x00000456                uxListRemove
 .text.prvSetupTimerInterrupt
                0x000004a2       0x12 FreeRTOS/Src/port.o
 .text.pxPortInitialiseStack
                0x000004b4       0xd8 FreeRTOS/Src/port.o
                0x000004b4                pxPortInitialiseStack
 .text.xPortStartScheduler
                0x0000058c       0x5e FreeRTOS/Src/port.o
                0x0000058c                xPortStartScheduler
 .text.vPortYield
                0x000005ea       0xb2 FreeRTOS/Src/port.o
                0x000005ea                vPortYield
 .text.vPortYieldFromTick
                0x0000069c       0xb8 FreeRTOS/Src/port.o
                0x0000069c                vPortYieldFromTick
 .text.__vector_7
                0x00000754        0x6 FreeRTOS/Src/port.o
                0x00000754                __vector_7
 .text.prvIsQueueEmpty
                0x0000075a       0x1a FreeRTOS/Src/queue.o
 .text.prvIsQueueFull
                0x00000774       0x1c FreeRTOS/Src/queue.o
 .text.prvCopyDataToQueue
                0x00000790       0xc0 FreeRTOS/Src/queue.o
 .text.prvCopyDataFromQueue
                0x00000850       0x34 FreeRTOS/Src/queue.o
 .text.prvUnlockQueue
                0x00000884       0x6c FreeRTOS/Src/queue.o
 .text.xQueueGenericSend
                0x000008f0      0x124 FreeRTOS/Src/queue.o
                0x000008f0                xQueueGenericSend
 .text.xQueueCreateMutex
                0x00000a14       0x58 FreeRTOS/Src/queue.o
                0x00000a14                xQueueCreateMutex
 .text.xQueueGenericReceive
                0x00000a6c      0x174 FreeRTOS/Src/queue.o
                0x00000a6c                xQueueGenericReceive
 .text.prvResetNextTaskUnblockTime
                0x00000be0       0x3e FreeRTOS/Src/tasks.o
 .text.prvAllocateTCBAndStack
                0x00000c1e       0x50 FreeRTOS/Src/tasks.o
 .text.prvDeleteTCB
                0x00000c6e       0x1a FreeRTOS/Src/tasks.o
 .text.prvInitialiseTCBVariables
                0x00000c88       0x6a FreeRTOS/Src/tasks.o
 .text.prvInitialiseTaskLists
                0x00000cf2       0x66 FreeRTOS/Src/tasks.o
 .text.prvAddCurrentTaskToDelayedList
                0x00000d58       0x6e FreeRTOS/Src/tasks.o
 .text.xTaskGenericCreate
                0x00000dc6      0x170 FreeRTOS/Src/tasks.o
                0x00000dc6                xTaskGenericCreate
 .text.vTaskStartScheduler
                0x00000f36       0x56 FreeRTOS/Src/tasks.o
                0x00000f36                vTaskStartScheduler
 .text.vTaskSuspendAll
                0x00000f8c        0xc FreeRTOS/Src/tasks.o
                0x00000f8c                vTaskSuspendAll
 .text.xTaskIncrementTick
                0x00000f98      0x178 FreeRTOS/Src/tasks.o
                0x00000f98                xTaskIncrementTick
 .text.xTaskResumeAll
                0x00001110       0xe2 FreeRTOS/Src/tasks.o
                0x00001110                xTaskResumeAll
 .text.vTaskDelay
                0x000011f2       0x44 FreeRTOS/Src/tasks.o
                0x000011f2                vTaskDelay
 .text.prvCheckTasksWaitingTermination
                0x00001236       0x5c FreeRTOS/Src/tasks.o
 .text.prvIdleTask
                0x00001292       0x12 FreeRTOS/Src/tasks.o
 .text.vTaskSwitchContext
                0x000012a4       0xb8 FreeRTOS/Src/tasks.o
                0x000012a4                vTaskSwitchContext
 .text.vTaskPlaceOnEventList
                0x0000135c       0x3a FreeRTOS/Src/tasks.o
                0x0000135c                vTaskPlaceOnEventList
 .text.xTaskRemoveFromEventList
                0x00001396       0x90 FreeRTOS/Src/tasks.o
                0x00001396                xTaskRemoveFromEventList
 .text.vTaskSetTimeOutState
                0x00001426       0x16 FreeRTOS/Src/tasks.o
                0x00001426                vTaskSetTimeOutState
 .text.xTaskCheckForTimeOut
                0x0000143c       0x64 FreeRTOS/Src/tasks.o
                0x0000143c                xTaskCheckForTimeOut
 .text.vTaskMissedYield
                0x000014a0        0x8 FreeRTOS/Src/tasks.o
                0x000014a0                vTaskMissedYield
 .text.vTaskPriorityInherit
                0x000014a8       0xc4 FreeRTOS/Src/tasks.o
                0x000014a8                vTaskPriorityInherit
 .text.xTaskPriorityDisinherit
                0x0000156c       0x80 FreeRTOS/Src/tasks.o
                0x0000156c                xTaskPriorityDisinherit
 .text.pvTaskIncrementMutexHeldCount
                0x000015ec       0x24 FreeRTOS/Src/tasks.o
                0x000015ec                pvTaskIncrementMutexHeldCount
 .text.T_T1     0x00001610       0x42 main.o
                0x00001610                T_T1
 .text.T_T2     0x00001652       0x4a main.o
                0x00001652                T_T2
 .text.system_init
                0x0000169c       0x2e main.o
                0x0000169c                system_init
 .text.main     0x000016ca       0x70 main.o
                0x000016ca                main
 .text.libgcc.div
                0x0000173a       0x44 c:/program files (x86)/atmel/studio/7.0/toolchain/avr8/avr8-gnu-toolchain/bin/../lib/gcc/avr/5.4.0/avr5\libgcc.a(_udivmodsi4.o)
                0x0000173a                __udivmodsi4
 .text.avr-libc
                0x0000177e       0x12 c:/program files (x86)/atmel/studio/7.0/toolchain/avr8/avr8-gnu-toolchain/bin/../lib/gcc/avr/5.4.0/../../../../avr/lib/avr5\libc.a(memcpy.o)
                0x0000177e                memcpy
                0x00001790                . = ALIGN (0x2)
 *(.fini9)
 .fini9         0x00001790        0x0 c:/program files (x86)/atmel/studio/7.0/toolchain/avr8/avr8-gnu-toolchain/bin/../lib/gcc/avr/5.4.0/avr5\libgcc.a(_exit.o)
                0x00001790                _exit
                0x00001790                exit
 *(.fini9)
 *(.fini8)
 *(.fini8)
 *(.fini7)
 *(.fini7)
 *(.fini6)
 *(.fini6)
 *(.fini5)
 *(.fini5)
 *(.fini4)
 *(.fini4)
 *(.fini3)
 *(.fini3)
 *(.fini2)
 *(.fini2)
 *(.fini1)
 *(.fini1)
 *(.fini0)
 .fini0         0x00001790        0x4 c:/program files (x86)/atmel/studio/7.0/toolchain/avr8/avr8-gnu-toolchain/bin/../lib/gcc/avr/5.4.0/avr5\libgcc.a(_exit.o)
 *(.fini0)
                0x00001794                _etext = .

.data           0x00800060       0x34 load address 0x00001794
                0x00800060                PROVIDE (__data_start, .)
 *(.data)
 *(.data*)
 .data.xNextTaskUnblockTime
                0x00800060        0x2 FreeRTOS/Src/tasks.o
 *(.gnu.linkonce.d*)
 *(.rodata)
 *(.rodata*)
 .rodata.str1.1
                0x00800062        0x5 FreeRTOS/Src/tasks.o
 .rodata.str1.1
                0x00800067       0x2d main.o
 *(.gnu.linkonce.r*)
                0x00800094                . = ALIGN (0x2)
                0x00800094                _edata = .
                0x00800094                PROVIDE (__data_end, .)

.bss            0x00800094      0x4dd
                0x00800094                PROVIDE (__bss_start, .)
 *(.bss)
 *(.bss*)
 .bss.pucAlignedHeap.1980
                0x00800094        0x2 FreeRTOS/Src/heap_1.o
 .bss.xNextFreeByte
                0x00800096        0x2 FreeRTOS/Src/heap_1.o
 .bss.ucHeap    0x00800098      0x47e FreeRTOS/Src/heap_1.o
 .bss.uxSchedulerSuspended
                0x00800516        0x1 FreeRTOS/Src/tasks.o
 .bss.uxTaskNumber
                0x00800517        0x1 FreeRTOS/Src/tasks.o
 .bss.xNumOfOverflows
                0x00800518        0x1 FreeRTOS/Src/tasks.o
 .bss.xYieldPending
                0x00800519        0x1 FreeRTOS/Src/tasks.o
 .bss.uxPendedTicks
                0x0080051a        0x1 FreeRTOS/Src/tasks.o
 .bss.xSchedulerRunning
                0x0080051b        0x1 FreeRTOS/Src/tasks.o
 .bss.uxTopReadyPriority
                0x0080051c        0x1 FreeRTOS/Src/tasks.o
 .bss.xTickCount
                0x0080051d        0x2 FreeRTOS/Src/tasks.o
 .bss.uxCurrentNumberOfTasks
                0x0080051f        0x1 FreeRTOS/Src/tasks.o
 .bss.uxTasksDeleted
                0x00800520        0x1 FreeRTOS/Src/tasks.o
 .bss.xTasksWaitingTermination
                0x00800521        0x9 FreeRTOS/Src/tasks.o
 .bss.xPendingReadyList
                0x0080052a        0x9 FreeRTOS/Src/tasks.o
 .bss.pxOverflowDelayedTaskList
                0x00800533        0x2 FreeRTOS/Src/tasks.o
 .bss.pxDelayedTaskList
                0x00800535        0x2 FreeRTOS/Src/tasks.o
 .bss.xDelayedTaskList2
                0x00800537        0x9 FreeRTOS/Src/tasks.o
 .bss.xDelayedTaskList1
                0x00800540        0x9 FreeRTOS/Src/tasks.o
 .bss.pxReadyTasksLists
                0x00800549       0x24 FreeRTOS/Src/tasks.o
 .bss.pxCurrentTCB
                0x0080056d        0x2 FreeRTOS/Src/tasks.o
                0x0080056d                pxCurrentTCB
 .bss.mResourceAvailability
                0x0080056f        0x2 main.o
                0x0080056f                mResourceAvailability
 *(COMMON)
                0x00800571                PROVIDE (__bss_end, .)
                0x00001794                __data_load_start = LOADADDR (.data)
                0x000017c8                __data_load_end = (__data_load_start + SIZEOF (.data))

.noinit         0x00800571        0x0
                [!provide]                PROVIDE (__noinit_start, .)
 *(.noinit*)
                [!provide]                PROVIDE (__noinit_end, .)
                0x00800571                _end = .
                [!provide]                PROVIDE (__heap_start, .)

.eeprom         0x00810000        0x0
 *(.eeprom*)
                0x00810000                __eeprom_end = .

.fuse
 *(.fuse)
 *(.lfuse)
 *(.hfuse)
 *(.efuse)

.lock
 *(.lock*)

.signature
 *(.signature*)

.user_signatures
 *(.user_signatures*)

.stab
 *(.stab)

.stabstr
 *(.stabstr)

.stab.excl
 *(.stab.excl)

.stab.exclstr
 *(.stab.exclstr)

.stab.index
 *(.stab.index)

.stab.indexstr
 *(.stab.indexstr)

.comment        0x00000000       0x30
 *(.comment)
 .comment       0x00000000       0x30 Drivers/src/board.o
                                 0x31 (size before relaxing)
 .comment       0x00000030       0x31 Drivers/src/Keypad.o
 .comment       0x00000030       0x31 Drivers/src/LCD.o
 .comment       0x00000030       0x31 Drivers/src/uart.o
 .comment       0x00000030       0x31 FreeRTOS/Src/heap_1.o
 .comment       0x00000030       0x31 FreeRTOS/Src/list.o
 .comment       0x00000030       0x31 FreeRTOS/Src/port.o
 .comment       0x00000030       0x31 FreeRTOS/Src/queue.o
 .comment       0x00000030       0x31 FreeRTOS/Src/tasks.o
 .comment       0x00000030       0x31 main.o

.note.gnu.avr.deviceinfo
                0x00000000       0x3c
 .note.gnu.avr.deviceinfo
                0x00000000       0x3c C:/Program Files (x86)/Atmel/Studio/7.0/Packs/atmel/ATmega_DFP/1.7.374/gcc/dev/atmega32/avr5/crtatmega32.o

.note.gnu.build-id
 *(.note.gnu.build-id)

.debug
 *(.debug)

.line
 *(.line)

.debug_srcinfo
 *(.debug_srcinfo)

.debug_sfnames
 *(.debug_sfnames)

.debug_aranges  0x00000000      0x4b0
 *(.debug_aranges)
 .debug_aranges
                0x00000000       0x98 Drivers/src/board.o
 .debug_aranges
                0x00000098       0x30 Drivers/src/Keypad.o
 .debug_aranges
                0x000000c8       0x98 Drivers/src/LCD.o
 .debug_aranges
                0x00000160       0x40 Drivers/src/uart.o
 .debug_aranges
                0x000001a0       0x38 FreeRTOS/Src/heap_1.o
 .debug_aranges
                0x000001d8       0x40 FreeRTOS/Src/list.o
 .debug_aranges
                0x00000218       0x50 FreeRTOS/Src/port.o
 .debug_aranges
                0x00000268       0xd8 FreeRTOS/Src/queue.o
 .debug_aranges
                0x00000340      0x130 FreeRTOS/Src/tasks.o
 .debug_aranges
                0x00000470       0x40 main.o

.debug_pubnames
 *(.debug_pubnames)

.debug_info     0x00000000     0x4744
 *(.debug_info .gnu.linkonce.wi.*)
 .debug_info    0x00000000      0x4e6 C:/Program Files (x86)/Atmel/Studio/7.0/Packs/atmel/ATmega_DFP/1.7.374/gcc/dev/atmega32/avr5/crtatmega32.o
 .debug_info    0x000004e6      0x341 Drivers/src/board.o
 .debug_info    0x00000827      0x16e Drivers/src/Keypad.o
 .debug_info    0x00000995      0x854 Drivers/src/LCD.o
 .debug_info    0x000011e9      0x1be Drivers/src/uart.o
 .debug_info    0x000013a7      0x1a4 FreeRTOS/Src/heap_1.o
 .debug_info    0x0000154b      0x2c6 FreeRTOS/Src/list.o
 .debug_info    0x00001811      0x24e FreeRTOS/Src/port.o
 .debug_info    0x00001a5f     0x12e5 FreeRTOS/Src/queue.o
 .debug_info    0x00002d44     0x1528 FreeRTOS/Src/tasks.o
 .debug_info    0x0000426c      0x4d8 main.o

.debug_abbrev   0x00000000     0x1288
 *(.debug_abbrev)
 .debug_abbrev  0x00000000      0x4a3 C:/Program Files (x86)/Atmel/Studio/7.0/Packs/atmel/ATmega_DFP/1.7.374/gcc/dev/atmega32/avr5/crtatmega32.o
 .debug_abbrev  0x000004a3       0xdd Drivers/src/board.o
 .debug_abbrev  0x00000580       0xdc Drivers/src/Keypad.o
 .debug_abbrev  0x0000065c      0x1d7 Drivers/src/LCD.o
 .debug_abbrev  0x00000833      0x132 Drivers/src/uart.o
 .debug_abbrev  0x00000965      0x11c FreeRTOS/Src/heap_1.o
 .debug_abbrev  0x00000a81       0xf8 FreeRTOS/Src/list.o
 .debug_abbrev  0x00000b79      0x143 FreeRTOS/Src/port.o
 .debug_abbrev  0x00000cbc      0x221 FreeRTOS/Src/queue.o
 .debug_abbrev  0x00000edd      0x28b FreeRTOS/Src/tasks.o
 .debug_abbrev  0x00001168      0x120 main.o

.debug_line     0x00000000     0x2a3c
 *(.debug_line .debug_line.* .debug_line_end)
 .debug_line    0x00000000      0x116 C:/Program Files (x86)/Atmel/Studio/7.0/Packs/atmel/ATmega_DFP/1.7.374/gcc/dev/atmega32/avr5/crtatmega32.o
 .debug_line    0x00000116      0x239 Drivers/src/board.o
 .debug_line    0x0000034f      0x1d4 Drivers/src/Keypad.o
 .debug_line    0x00000523      0x43e Drivers/src/LCD.o
 .debug_line    0x00000961      0x188 Drivers/src/uart.o
 .debug_line    0x00000ae9      0x1ba FreeRTOS/Src/heap_1.o
 .debug_line    0x00000ca3      0x1e6 FreeRTOS/Src/list.o
 .debug_line    0x00000e89      0x2b8 FreeRTOS/Src/port.o
 .debug_line    0x00001141      0xa6c FreeRTOS/Src/queue.o
 .debug_line    0x00001bad      0xca7 FreeRTOS/Src/tasks.o
 .debug_line    0x00002854      0x1e8 main.o

.debug_frame    0x00000000      0xc88
 *(.debug_frame)
 .debug_frame   0x00000000      0x114 Drivers/src/board.o
 .debug_frame   0x00000114       0x54 Drivers/src/Keypad.o
 .debug_frame   0x00000168      0x1a8 Drivers/src/LCD.o
 .debug_frame   0x00000310       0x84 Drivers/src/uart.o
 .debug_frame   0x00000394       0x60 FreeRTOS/Src/heap_1.o
 .debug_frame   0x000003f4       0x88 FreeRTOS/Src/list.o
 .debug_frame   0x0000047c       0x84 FreeRTOS/Src/port.o
 .debug_frame   0x00000500      0x2e4 FreeRTOS/Src/queue.o
 .debug_frame   0x000007e4      0x41c FreeRTOS/Src/tasks.o
 .debug_frame   0x00000c00       0x88 main.o

.debug_str      0x00000000     0x144e
 *(.debug_str)
 .debug_str     0x00000000      0x196 C:/Program Files (x86)/Atmel/Studio/7.0/Packs/atmel/ATmega_DFP/1.7.374/gcc/dev/atmega32/avr5/crtatmega32.o
 .debug_str     0x00000196      0x231 Drivers/src/board.o
                                0x265 (size before relaxing)
 .debug_str     0x000003c7       0x43 Drivers/src/Keypad.o
                                0x1bd (size before relaxing)
 .debug_str     0x0000040a      0x14c Drivers/src/LCD.o
                                0x2d4 (size before relaxing)
 .debug_str     0x00000556       0x90 Drivers/src/uart.o
                                0x20f (size before relaxing)
 .debug_str     0x000005e6       0xba FreeRTOS/Src/heap_1.o
                                0x228 (size before relaxing)
 .debug_str     0x000006a0      0x154 FreeRTOS/Src/list.o
                                0x2ae (size before relaxing)
 .debug_str     0x000007f4      0x123 FreeRTOS/Src/port.o
                                0x2b0 (size before relaxing)
 .debug_str     0x00000917      0x524 FreeRTOS/Src/queue.o
                                0x7d6 (size before relaxing)
 .debug_str     0x00000e3b      0x5b7 FreeRTOS/Src/tasks.o
                                0xa4a (size before relaxing)
 .debug_str     0x000013f2       0x5c main.o
                                0x2c0 (size before relaxing)

.debug_loc      0x00000000     0x3c99
 *(.debug_loc)
 .debug_loc     0x00000000       0xa5 Drivers/src/board.o
 .debug_loc     0x000000a5      0x10a Drivers/src/Keypad.o
 .debug_loc     0x000001af      0x76b Drivers/src/LCD.o
 .debug_loc     0x0000091a      0x16c Drivers/src/uart.o
 .debug_loc     0x00000a86       0xf1 FreeRTOS/Src/heap_1.o
 .debug_loc     0x00000b77      0x145 FreeRTOS/Src/list.o
 .debug_loc     0x00000cbc      0x2a0 FreeRTOS/Src/port.o
 .debug_loc     0x00000f5c     0x1813 FreeRTOS/Src/queue.o
 .debug_loc     0x0000276f     0x14ba FreeRTOS/Src/tasks.o
 .debug_loc     0x00003c29       0x70 main.o

.debug_macinfo
 *(.debug_macinfo)

.debug_weaknames
 *(.debug_weaknames)

.debug_funcnames
 *(.debug_funcnames)

.debug_typenames
 *(.debug_typenames)

.debug_varnames
 *(.debug_varnames)

.debug_pubtypes
 *(.debug_pubtypes)

.debug_ranges   0x00000000      0x448
 *(.debug_ranges)
 .debug_ranges  0x00000000       0x88 Drivers/src/board.o
 .debug_ranges  0x00000088       0x20 Drivers/src/Keypad.o
 .debug_ranges  0x000000a8       0x88 Drivers/src/LCD.o
 .debug_ranges  0x00000130       0x30 Drivers/src/uart.o
 .debug_ranges  0x00000160       0x28 FreeRTOS/Src/heap_1.o
 .debug_ranges  0x00000188       0x30 FreeRTOS/Src/list.o
 .debug_ranges  0x000001b8       0x40 FreeRTOS/Src/port.o
 .debug_ranges  0x000001f8       0xc8 FreeRTOS/Src/queue.o
 .debug_ranges  0x000002c0      0x158 FreeRTOS/Src/tasks.o
 .debug_ranges  0x00000418       0x30 main.o

.debug_macro
 *(.debug_macro)
OUTPUT(RTOS_APP.elf elf32-avr)
LOAD linker stubs
